ERC report (2026-06-12T23:42:26+1000, Encoding UTF8)
Report includes: Errors, Warnings, Exclusions

***** Sheet /
[lib_symbol_issues]: The current configuration does not include the symbol library 'power'
    ; warning
    @(149.86 mm, 91.44 mm): Symbol #PWR015 [GND]
[lib_symbol_issues]: The current configuration does not include the symbol library 'power'
    ; warning
    @(140.97 mm, 105.41 mm): Symbol #PWR017 [VCC]
[lib_symbol_issues]: The current configuration does not include the symbol library 'power'
    ; warning
    @(149.86 mm, 96.52 mm): Symbol #PWR016 [VCC]
[lib_symbol_issues]: The current configuration does not include the symbol library '/usr/share/kicad/symbols/Device'
    ; warning
    @(140.97 mm, 109.22 mm): Symbol R3 [R]
[lib_symbol_issues]: The current configuration does not include the symbol library '/usr/share/kicad/symbols/Connector_Generic'
    ; warning
    @(154.94 mm, 93.98 mm): Symbol J2 [Conn_01x03]
[lib_symbol_issues]: The current configuration does not include the symbol library 'power'
    ; warning
    @(149.86 mm, 105.41 mm): Symbol #PWR013 [VCC]
[lib_symbol_issues]: The current configuration does not include the symbol library 'power'
    ; warning
    @(149.86 mm, 107.95 mm): Symbol #PWR014 [GND]
[lib_symbol_issues]: The current configuration does not include the symbol library '/usr/share/kicad/symbols/Connector_Generic'
    ; warning
    @(154.94 mm, 110.49 mm): Symbol J1 [Conn_01x06]
[lib_symbol_issues]: The current configuration does not include the symbol library 'power'
    ; warning
    @(125.73 mm, 90.17 mm): Symbol #PWR005 [VCC]
[lib_symbol_issues]: The current configuration does not include the symbol library '/usr/share/kicad/symbols/Device'
    ; warning
    @(125.73 mm, 93.98 mm): Symbol C1 [C]
[lib_symbol_issues]: The current configuration does not include the symbol library 'power'
    ; warning
    @(125.73 mm, 97.79 mm): Symbol #PWR006 [GND]
[lib_symbol_issues]: The current configuration does not include the symbol library 'power'
    ; warning
    @(132.08 mm, 90.17 mm): Symbol #PWR009 [VCC]
[lib_symbol_issues]: The current configuration does not include the symbol library '/usr/share/kicad/symbols/Device'
    ; warning
    @(132.08 mm, 93.98 mm): Symbol C3 [C]
[lib_symbol_issues]: The current configuration does not include the symbol library 'power'
    ; warning
    @(132.08 mm, 97.79 mm): Symbol #PWR010 [GND]
[lib_symbol_issues]: The current configuration does not include the symbol library 'power'
    ; warning
    @(139.70 mm, 90.17 mm): Symbol #PWR007 [VCC]
[lib_symbol_issues]: The current configuration does not include the symbol library '/usr/share/kicad/symbols/Device'
    ; warning
    @(139.70 mm, 93.98 mm): Symbol C2 [C]
[lib_symbol_issues]: The current configuration does not include the symbol library 'power'
    ; warning
    @(139.70 mm, 97.79 mm): Symbol #PWR008 [GND]
[lib_symbol_issues]: The current configuration does not include the symbol library 'power'
    ; warning
    @(151.13 mm, 90.17 mm): Symbol #PWR001 [VCC]
[lib_symbol_issues]: The current configuration does not include the symbol library 'power'
    ; warning
    @(156.21 mm, 90.17 mm): Symbol #PWR003 [VCC]
[lib_symbol_issues]: The current configuration does not include the symbol library '/usr/share/kicad/symbols/Sensor'
    ; warning
    @(153.67 mm, 105.41 mm): Symbol U1 [BME280]
[lib_symbol_issues]: The current configuration does not include the symbol library 'power'
    ; warning
    @(151.13 mm, 120.65 mm): Symbol #PWR002 [GND]
[lib_symbol_issues]: The current configuration does not include the symbol library 'power'
    ; warning
    @(156.21 mm, 120.65 mm): Symbol #PWR004 [GND]
[lib_symbol_issues]: The current configuration does not include the symbol library 'power'
    ; warning
    @(144.78 mm, 101.60 mm): Symbol #PWR011 [VCC]
[lib_symbol_issues]: The current configuration does not include the symbol library '/usr/share/kicad/symbols/Device'
    ; warning
    @(144.78 mm, 105.41 mm): Symbol R1 [R]
[lib_symbol_issues]: The current configuration does not include the symbol library 'power'
    ; warning
    @(149.86 mm, 101.60 mm): Symbol #PWR012 [VCC]
[lib_symbol_issues]: The current configuration does not include the symbol library '/usr/share/kicad/symbols/Device'
    ; warning
    @(149.86 mm, 105.41 mm): Symbol R2 [R]

***** Sheet /interface_header1/

***** Sheet /bme280_sensor1/
[power_pin_not_driven]: Input Power pin not driven by any Output Power pins
    ; error
    @(151.13 mm, 90.17 mm): Symbol #PWR001 Pin 1 [Power input, Line]
[power_pin_not_driven]: Input Power pin not driven by any Output Power pins
    ; error
    @(151.13 mm, 120.65 mm): Symbol #PWR002 Pin 1 [Power input, Line]

***** Sheet /i2c_pullups1/

 ** ERC messages: 28  Errors 2  Warnings 26
