ERC report (2026-06-12T23:46:13+1000, Encoding UTF8)
Report includes: Errors, Warnings, Exclusions

***** Sheet /
[pin_not_connected]: Pin not connected
    ; error
    @(136.40 mm, 64.77 mm): Hierarchical Sheet Pin ADDR1
[pin_not_connected]: Pin not connected
    ; error
    @(136.40 mm, 67.31 mm): Hierarchical Sheet Pin ADDR0
[pin_not_connected]: Pin not connected
    ; error
    @(134.87 mm, 133.35 mm): Hierarchical Sheet Pin ADDR0
[pin_not_connected]: Pin not connected
    ; error
    @(134.87 mm, 135.89 mm): Hierarchical Sheet Pin ADDR1
[label_dangling]: Label not connected to anything
    ; error
    @(5.00 mm, 10.00 mm): Hierarchical Label 'ADDR0'
[label_dangling]: Label not connected to anything
    ; error
    @(5.00 mm, 12.54 mm): Hierarchical Label 'ADDR1'
[label_dangling]: Label not connected to anything
    ; error
    @(5.00 mm, 10.00 mm): Hierarchical Label 'ADDR1'
[label_dangling]: Label not connected to anything
    ; error
    @(5.00 mm, 12.54 mm): Hierarchical Label 'ADDR0'
[lib_symbol_issues]: The current configuration does not include the symbol library '/usr/share/kicad/symbols/Device'
    ; warning
    @(143.51 mm, 110.49 mm): Symbol R5 [R]
[lib_symbol_issues]: The current configuration does not include the symbol library 'power'
    ; warning
    @(143.51 mm, 114.30 mm): Symbol #PWR014 [GND]
[lib_symbol_issues]: The current configuration does not include the symbol library '/usr/share/kicad/symbols/Device'
    ; warning
    @(152.40 mm, 110.49 mm): Symbol R4 [R]
[lib_symbol_issues]: The current configuration does not include the symbol library 'power'
    ; warning
    @(152.40 mm, 114.30 mm): Symbol #PWR013 [GND]
[lib_symbol_issues]: The current configuration does not include the symbol library 'power'
    ; warning
    @(138.43 mm, 102.87 mm): Symbol #PWR011 [VCC]
[lib_symbol_issues]: The current configuration does not include the symbol library '/usr/share/kicad/symbols/Device'
    ; warning
    @(138.43 mm, 106.68 mm): Symbol R2 [R]
[lib_symbol_issues]: The current configuration does not include the symbol library 'power'
    ; warning
    @(143.51 mm, 102.87 mm): Symbol #PWR012 [VCC]
[lib_symbol_issues]: The current configuration does not include the symbol library '/usr/share/kicad/symbols/Device'
    ; warning
    @(143.51 mm, 106.68 mm): Symbol R3 [R]
[lib_symbol_issues]: The current configuration does not include the symbol library 'power'
    ; warning
    @(153.67 mm, 96.52 mm): Symbol #PWR009 [GND]
[lib_symbol_issues]: The current configuration does not include the symbol library 'power'
    ; warning
    @(153.67 mm, 99.06 mm): Symbol #PWR010 [VCC]
[lib_symbol_issues]: The current configuration does not include the symbol library '/usr/share/kicad/symbols/Connector_Generic'
    ; warning
    @(158.75 mm, 99.06 mm): Symbol J3 [Conn_01x04]
[lib_symbol_issues]: The current configuration does not include the symbol library 'power'
    ; warning
    @(143.51 mm, 83.82 mm): Symbol #PWR003 [VCC]
[lib_symbol_issues]: The current configuration does not include the symbol library '/usr/share/kicad/symbols/Sensor_Energy'
    ; warning
    @(143.51 mm, 93.98 mm): Symbol U1 [INA219AxD]
[lib_symbol_issues]: The current configuration does not include the symbol library 'power'
    ; warning
    @(143.51 mm, 104.14 mm): Symbol #PWR004 [GND]
[lib_symbol_issues]: The current configuration does not include the symbol library 'power'
    ; warning
    @(146.05 mm, 119.38 mm): Symbol #PWR007 [VCC]
[lib_symbol_issues]: The current configuration does not include the symbol library '/usr/share/kicad/symbols/Device'
    ; warning
    @(146.05 mm, 123.19 mm): Symbol C2 [C]
[lib_symbol_issues]: The current configuration does not include the symbol library 'power'
    ; warning
    @(146.05 mm, 127.00 mm): Symbol #PWR008 [GND]
[lib_symbol_issues]: The current configuration does not include the symbol library 'power'
    ; warning
    @(152.40 mm, 119.38 mm): Symbol #PWR005 [VCC]
[lib_symbol_issues]: The current configuration does not include the symbol library '/usr/share/kicad/symbols/Device'
    ; warning
    @(152.40 mm, 123.19 mm): Symbol C1 [C]
[lib_symbol_issues]: The current configuration does not include the symbol library 'power'
    ; warning
    @(152.40 mm, 127.00 mm): Symbol #PWR006 [GND]
[lib_symbol_issues]: The current configuration does not include the symbol library '/usr/share/kicad/symbols/Device'
    ; warning
    @(137.16 mm, 107.95 mm): Symbol R1 [R]
[lib_symbol_issues]: The current configuration does not include the symbol library 'power'
    ; warning
    @(153.67 mm, 90.17 mm): Symbol #PWR001 [GND]
[lib_symbol_issues]: The current configuration does not include the symbol library '/usr/share/kicad/symbols/Connector'
    ; warning
    @(158.75 mm, 87.63 mm): Symbol J1 [Screw_Terminal_01x02]
[lib_symbol_issues]: The current configuration does not include the symbol library 'power'
    ; warning
    @(154.94 mm, 100.33 mm): Symbol #PWR002 [GND]
[lib_symbol_issues]: The current configuration does not include the symbol library '/usr/share/kicad/symbols/Connector'
    ; warning
    @(160.02 mm, 97.79 mm): Symbol J2 [Screw_Terminal_01x02]

***** Sheet /address_config1/

***** Sheet /i2c_connector1/

***** Sheet /ina219_core1/
[power_pin_not_driven]: Input Power pin not driven by any Output Power pins
    ; error
    @(143.51 mm, 83.82 mm): Symbol #PWR003 Pin 1 [Power input, Line]

***** Sheet /sense_input1/
[power_pin_not_driven]: Input Power pin not driven by any Output Power pins
    ; error
    @(153.67 mm, 90.17 mm): Symbol #PWR001 Pin 1 [Power input, Line]

 ** ERC messages: 35  Errors 10  Warnings 25
