ERC report (2026-06-12T23:45:13+1000, Encoding UTF8)
Report includes: Errors, Warnings, Exclusions

***** Sheet /
[lib_symbol_issues]: The current configuration does not include the symbol library 'power'
    ; warning
    @(121.92 mm, 91.44 mm): Symbol #PWR005 [VCC]
[lib_symbol_issues]: The current configuration does not include the symbol library '/usr/share/kicad/symbols/Device'
    ; warning
    @(121.92 mm, 95.25 mm): Symbol C1 [C]
[lib_symbol_issues]: The current configuration does not include the symbol library 'power'
    ; warning
    @(127.00 mm, 90.17 mm): Symbol #PWR008 [VCC]
[lib_symbol_issues]: The current configuration does not include the symbol library '/usr/share/kicad/symbols/power'
    ; warning
    @(137.16 mm, 76.20 mm): Symbol #FLG2 [PWR_FLAG]
[lib_symbol_issues]: The current configuration does not include the symbol library 'power'
    ; warning
    @(137.16 mm, 76.20 mm): Symbol #PWR002 [GND]
[lib_symbol_issues]: The current configuration does not include the symbol library 'power'
    ; warning
    @(121.92 mm, 99.06 mm): Symbol #PWR006 [GND]
[lib_symbol_issues]: The current configuration does not include the symbol library '/usr/share/kicad/symbols/Device'
    ; warning
    @(127.00 mm, 93.98 mm): Symbol R2 [R]
[lib_symbol_issues]: The current configuration does not include the symbol library 'power'
    ; warning
    @(133.35 mm, 90.17 mm): Symbol #PWR007 [VCC]
[lib_symbol_issues]: The current configuration does not include the symbol library '/usr/share/kicad/symbols/Device'
    ; warning
    @(133.35 mm, 93.98 mm): Symbol R1 [R]
[lib_symbol_issues]: The current configuration does not include the symbol library 'power'
    ; warning
    @(144.78 mm, 76.20 mm): Symbol #PWR001 [VCC]
[lib_symbol_issues]: The current configuration does not include the symbol library '/usr/share/kicad/symbols/power'
    ; warning
    @(144.78 mm, 76.20 mm): Symbol #FLG1 [PWR_FLAG]
[lib_symbol_issues]: The current configuration does not include the symbol library 'power'
    ; warning
    @(138.43 mm, 90.17 mm): Symbol #PWR012 [VCC]
[lib_symbol_issues]: The current configuration does not include the symbol library '/usr/share/kicad/symbols/Device'
    ; warning
    @(138.43 mm, 93.98 mm): Symbol R6 [R]
[lib_symbol_issues]: The current configuration does not include the symbol library '/usr/share/kicad/symbols/Device'
    ; warning
    @(144.78 mm, 91.44 mm): Symbol R3 [R]
[lib_symbol_issues]: The current configuration does not include the symbol library 'power'
    ; warning
    @(144.78 mm, 95.25 mm): Symbol #PWR009 [GND]
[lib_symbol_issues]: The current configuration does not include the symbol library '/usr/share/kicad/symbols/Device'
    ; warning
    @(149.86 mm, 91.44 mm): Symbol R5 [R]
[lib_symbol_issues]: The current configuration does not include the symbol library 'power'
    ; warning
    @(149.86 mm, 95.25 mm): Symbol #PWR011 [GND]
[lib_symbol_issues]: The current configuration does not include the symbol library '/usr/share/kicad/symbols/Device'
    ; warning
    @(156.21 mm, 91.44 mm): Symbol R4 [R]
[lib_symbol_issues]: The current configuration does not include the symbol library 'power'
    ; warning
    @(156.21 mm, 95.25 mm): Symbol #PWR010 [GND]
[lib_symbol_issues]: The current configuration does not include the symbol library 'power'
    ; warning
    @(158.75 mm, 107.95 mm): Symbol #PWR003 [VCC]
[lib_symbol_issues]: The current configuration does not include the symbol library '/usr/share/kicad/symbols/Sensor_Temperature'
    ; warning
    @(158.75 mm, 120.65 mm): Symbol U1 [MCP9808_MSOP]
[lib_symbol_issues]: The current configuration does not include the symbol library 'power'
    ; warning
    @(158.75 mm, 133.35 mm): Symbol #PWR004 [GND]
[lib_symbol_issues]: The current configuration does not include the symbol library 'power'
    ; warning
    @(149.86 mm, 96.52 mm): Symbol #PWR013 [VCC]
[lib_symbol_issues]: The current configuration does not include the symbol library '/usr/share/kicad/symbols/Connector'
    ; warning
    @(144.78 mm, 104.14 mm): Symbol J1 [Conn_01x08_Pin]
[lib_symbol_issues]: The current configuration does not include the symbol library 'power'
    ; warning
    @(149.86 mm, 99.06 mm): Symbol #PWR014 [GND]

***** Sheet /mcp9808_sensor1/

***** Sheet /i2c_header1/

 ** ERC messages: 25  Errors 0  Warnings 25
