ERC report (2026-06-09T23:56:40+1000, Encoding UTF8)
Report includes: Errors, Warnings

***** Sheet /
[lib_symbol_issues]: The current configuration does not include the symbol library '/usr/share/kicad/symbols/Device'
    ; warning
    @(128.27 mm, 88.90 mm): Symbol R3 [R]
[lib_symbol_issues]: The current configuration does not include the symbol library 'power'
    ; warning
    @(128.27 mm, 92.71 mm): Symbol #PWR020 [GND]
[lib_symbol_issues]: The current configuration does not include the symbol library 'power'
    ; warning
    @(143.51 mm, 72.39 mm): Symbol #PWR018 [VBUS]
[lib_symbol_issues]: The current configuration does not include the symbol library '/usr/share/kicad/symbols/Battery_Management'
    ; warning
    @(143.51 mm, 80.01 mm): Symbol U2 [MCP73831-2-OT]
[lib_symbol_issues]: The current configuration does not include the symbol library 'power'
    ; warning
    @(143.51 mm, 87.63 mm): Symbol #PWR019 [GND]
[lib_symbol_issues]: The current configuration does not include the symbol library 'power'
    ; warning
    @(120.65 mm, 125.73 mm): Symbol #PWR034 [+3V3]
[lib_symbol_issues]: The current configuration does not include the symbol library '/usr/share/kicad/symbols/Device'
    ; warning
    @(120.65 mm, 129.54 mm): Symbol C7 [C]
[lib_symbol_issues]: The current configuration does not include the symbol library 'power'
    ; warning
    @(127.00 mm, 125.73 mm): Symbol #PWR032 [+3V3]
[lib_symbol_issues]: The current configuration does not include the symbol library 'power'
    ; warning
    @(120.65 mm, 133.35 mm): Symbol #PWR035 [GND]
[lib_symbol_issues]: The current configuration does not include the symbol library '/usr/share/kicad/symbols/Device'
    ; warning
    @(127.00 mm, 129.54 mm): Symbol C6 [C]
[lib_symbol_issues]: The current configuration does not include the symbol library 'power'
    ; warning
    @(133.35 mm, 125.73 mm): Symbol #PWR022 [VBUS]
[lib_symbol_issues]: The current configuration does not include the symbol library 'power'
    ; warning
    @(148.59 mm, 107.95 mm): Symbol #PWR025 [VBUS]
[lib_symbol_issues]: The current configuration does not include the symbol library 'power'
    ; warning
    @(127.00 mm, 133.35 mm): Symbol #PWR033 [GND]
[lib_symbol_issues]: The current configuration does not include the symbol library '/usr/share/kicad/symbols/Device'
    ; warning
    @(133.35 mm, 129.54 mm): Symbol C3 [C]
[lib_symbol_issues]: The current configuration does not include the symbol library '/usr/share/kicad/symbols/Device'
    ; warning
    @(152.40 mm, 107.95 mm): Symbol D2 [D_Schottky]
[lib_symbol_issues]: The current configuration does not include the symbol library 'power'
    ; warning
    @(139.70 mm, 125.73 mm): Symbol #PWR030 [VBUS]
[lib_symbol_issues]: The current configuration does not include the symbol library 'power'
    ; warning
    @(133.35 mm, 133.35 mm): Symbol #PWR023 [GND]
[lib_symbol_issues]: The current configuration does not include the symbol library '/usr/share/kicad/symbols/Device'
    ; warning
    @(170.18 mm, 82.55 mm): Symbol D1 [LED]
[lib_symbol_issues]: The current configuration does not include the symbol library '/usr/share/kicad/symbols/Device'
    ; warning
    @(139.70 mm, 129.54 mm): Symbol C5 [C]
[lib_symbol_issues]: The current configuration does not include the symbol library 'power'
    ; warning
    @(177.80 mm, 72.39 mm): Symbol #PWR021 [VBUS]
[lib_symbol_issues]: The current configuration does not include the symbol library 'power'
    ; warning
    @(139.70 mm, 133.35 mm): Symbol #PWR031 [GND]
[lib_symbol_issues]: The current configuration does not include the symbol library '/usr/share/kicad/symbols/Device'
    ; warning
    @(177.80 mm, 76.20 mm): Symbol R4 [R]
[lib_symbol_issues]: The current configuration does not include the symbol library '/usr/share/kicad/symbols/Device'
    ; warning
    @(146.05 mm, 129.54 mm): Symbol C4 [C]
[lib_symbol_issues]: The current configuration does not include the symbol library 'power'
    ; warning
    @(157.48 mm, 119.38 mm): Symbol #PWR017 [GND]
[lib_symbol_issues]: The current configuration does not include the symbol library 'power'
    ; warning
    @(146.05 mm, 133.35 mm): Symbol #PWR024 [GND]
[lib_symbol_issues]: The current configuration does not include the symbol library '/usr/share/kicad/symbols/Connector_Generic'
    ; warning
    @(162.56 mm, 116.84 mm): Symbol J2 [Conn_01x02]
[lib_symbol_issues]: The current configuration does not include the symbol library 'power'
    ; warning
    @(157.48 mm, 128.27 mm): Symbol #PWR026 [VBUS]
[lib_symbol_issues]: The current configuration does not include the symbol library 'power'
    ; warning
    @(157.48 mm, 130.81 mm): Symbol #PWR027 [VBUS]
[lib_symbol_issues]: The current configuration does not include the symbol library '/usr/share/kicad/symbols/Regulator_Linear'
    ; warning
    @(165.10 mm, 130.81 mm): Symbol U3 [AP2112K-3.3]
[lib_symbol_issues]: The current configuration does not include the symbol library 'power'
    ; warning
    @(172.72 mm, 128.27 mm): Symbol #PWR029 [+3V3]
[lib_symbol_issues]: The current configuration does not include the symbol library 'power'
    ; warning
    @(165.10 mm, 138.43 mm): Symbol #PWR028 [GND]
[lib_symbol_issues]: The current configuration does not include the symbol library 'power'
    ; warning
    @(121.92 mm, 113.03 mm): Symbol #PWR050 [GND]
[lib_symbol_issues]: The current configuration does not include the symbol library '/usr/share/kicad/symbols/Device'
    ; warning
    @(125.73 mm, 113.03 mm): Symbol D3 [LED]
[lib_symbol_issues]: The current configuration does not include the symbol library '/usr/share/kicad/symbols/Device'
    ; warning
    @(134.62 mm, 106.68 mm): Symbol R5 [R]
[lib_symbol_issues]: The current configuration does not include the symbol library 'power'
    ; warning
    @(148.59 mm, 95.25 mm): Symbol #PWR048 [VBUS]
[lib_symbol_issues]: The current configuration does not include the symbol library '/usr/share/kicad/symbols/Switch'
    ; warning
    @(158.75 mm, 82.55 mm): Symbol SW1 [SW_Push]
[lib_symbol_issues]: The current configuration does not include the symbol library 'power'
    ; warning
    @(163.83 mm, 82.55 mm): Symbol #PWR049 [GND]
[lib_symbol_issues]: The current configuration does not include the symbol library '/usr/share/kicad/symbols/Connector_Generic'
    ; warning
    @(153.67 mm, 102.87 mm): Symbol J4 [Conn_01x12]
[lib_symbol_issues]: The current configuration does not include the symbol library 'power'
    ; warning
    @(172.72 mm, 92.71 mm): Symbol #PWR046 [+3V3]
[lib_symbol_issues]: The current configuration does not include the symbol library 'power'
    ; warning
    @(172.72 mm, 97.79 mm): Symbol #PWR047 [GND]
[lib_symbol_issues]: The current configuration does not include the symbol library '/usr/share/kicad/symbols/Connector_Generic'
    ; warning
    @(177.80 mm, 107.95 mm): Symbol J3 [Conn_01x16]
[lib_symbol_issues]: The current configuration does not include the symbol library '/usr/share/kicad/symbols/Connector'
    ; warning
    @(115.57 mm, 69.85 mm): Symbol J1 [USB_B_Micro]
[lib_symbol_issues]: The current configuration does not include the symbol library 'power'
    ; warning
    @(113.03 mm, 80.01 mm): Symbol #PWR001 [GND]
[lib_symbol_issues]: The current configuration does not include the symbol library 'power'
    ; warning
    @(123.19 mm, 64.77 mm): Symbol #PWR003 [VBUS]
[lib_symbol_issues]: The current configuration does not include the symbol library 'power'
    ; warning
    @(115.57 mm, 80.01 mm): Symbol #PWR002 [GND]
[lib_symbol_issues]: The current configuration does not include the symbol library '/usr/share/kicad/symbols/Device'
    ; warning
    @(148.59 mm, 58.42 mm): Symbol Q1 [Q_NPN]
[lib_symbol_issues]: The current configuration does not include the symbol library 'power'
    ; warning
    @(151.13 mm, 63.50 mm): Symbol #PWR013 [GND]
[lib_symbol_issues]: The current configuration does not include the symbol library '/usr/share/kicad/symbols/Device'
    ; warning
    @(148.59 mm, 81.28 mm): Symbol Q2 [Q_NPN]
[lib_symbol_issues]: The current configuration does not include the symbol library 'power'
    ; warning
    @(151.13 mm, 86.36 mm): Symbol #PWR014 [GND]
[lib_symbol_issues]: The current configuration does not include the symbol library 'power'
    ; warning
    @(161.29 mm, 71.12 mm): Symbol #PWR011 [+3V3]
[lib_symbol_issues]: The current configuration does not include the symbol library '/usr/share/kicad/symbols/Device'
    ; warning
    @(161.29 mm, 74.93 mm): Symbol C2 [C]
[lib_symbol_issues]: The current configuration does not include the symbol library 'power'
    ; warning
    @(161.29 mm, 78.74 mm): Symbol #PWR012 [GND]
[lib_symbol_issues]: The current configuration does not include the symbol library 'power'
    ; warning
    @(167.64 mm, 71.12 mm): Symbol #PWR009 [VBUS]
[lib_symbol_issues]: The current configuration does not include the symbol library '/usr/share/kicad/symbols/Device'
    ; warning
    @(167.64 mm, 74.93 mm): Symbol C1 [C]
[lib_symbol_issues]: The current configuration does not include the symbol library 'power'
    ; warning
    @(167.64 mm, 78.74 mm): Symbol #PWR010 [GND]
[lib_symbol_issues]: The current configuration does not include the symbol library 'power'
    ; warning
    @(172.72 mm, 72.39 mm): Symbol #PWR015 [+3V3]
[lib_symbol_issues]: The current configuration does not include the symbol library '/usr/share/kicad/symbols/Device'
    ; warning
    @(172.72 mm, 76.20 mm): Symbol R1 [R]
[lib_symbol_issues]: The current configuration does not include the symbol library 'power'
    ; warning
    @(161.29 mm, 100.33 mm): Symbol #PWR004 [VBUS]
[lib_symbol_issues]: The current configuration does not include the symbol library 'power'
    ; warning
    @(163.83 mm, 100.33 mm): Symbol #PWR005 [VBUS]
[lib_symbol_issues]: The current configuration does not include the symbol library 'power'
    ; warning
    @(179.07 mm, 71.12 mm): Symbol #PWR016 [+3V3]
[lib_symbol_issues]: The current configuration does not include the symbol library '/usr/share/kicad/symbols/Device'
    ; warning
    @(179.07 mm, 74.93 mm): Symbol R2 [R]
[lib_symbol_issues]: The current configuration does not include the symbol library 'power'
    ; warning
    @(166.37 mm, 100.33 mm): Symbol #PWR008 [+3V3]
[lib_symbol_issues]: The current configuration does not include the symbol library '/usr/share/kicad/symbols/Interface_USB'
    ; warning
    @(163.83 mm, 128.27 mm): Symbol U1 [CP2104]
[lib_symbol_issues]: The current configuration does not include the symbol library 'power'
    ; warning
    @(163.83 mm, 156.21 mm): Symbol #PWR006 [GND]
[lib_symbol_issues]: The current configuration does not include the symbol library 'power'
    ; warning
    @(163.83 mm, 156.21 mm): Symbol #PWR007 [GND]
[lib_symbol_issues]: The current configuration does not include the symbol library 'power'
    ; warning
    @(144.78 mm, 59.69 mm): Symbol #PWR044 [+3V3]
[lib_symbol_issues]: The current configuration does not include the symbol library '/usr/share/kicad/symbols/Device'
    ; warning
    @(144.78 mm, 63.50 mm): Symbol C10 [C]
[lib_symbol_issues]: The current configuration does not include the symbol library 'power'
    ; warning
    @(144.78 mm, 67.31 mm): Symbol #PWR045 [GND]
[lib_symbol_issues]: The current configuration does not include the symbol library 'power'
    ; warning
    @(151.13 mm, 59.69 mm): Symbol #PWR042 [+3V3]
[lib_symbol_issues]: The current configuration does not include the symbol library '/usr/share/kicad/symbols/Device'
    ; warning
    @(151.13 mm, 63.50 mm): Symbol C9 [C]
[lib_symbol_issues]: The current configuration does not include the symbol library 'power'
    ; warning
    @(151.13 mm, 67.31 mm): Symbol #PWR043 [GND]
[lib_symbol_issues]: The current configuration does not include the symbol library '/usr/share/kicad/symbols/Device'
    ; warning
    @(157.48 mm, 62.23 mm): Symbol C8 [C]
[lib_symbol_issues]: The current configuration does not include the symbol library 'power'
    ; warning
    @(157.48 mm, 66.04 mm): Symbol #PWR041 [GND]
[lib_symbol_issues]: The current configuration does not include the symbol library 'power'
    ; warning
    @(151.13 mm, 81.28 mm): Symbol #PWR036 [+3V3]
[global_label_dangling]: Global label not connected anywhere else in the schematic
    ; warning
    @(166.37 mm, 91.44 mm): Global Label 'IO2'
[lib_symbol_issues]: The current configuration does not include the symbol library '/usr/share/kicad/symbols/RF_Module'
    ; warning
    @(151.13 mm, 116.84 mm): Symbol U4 [ESP32-WROOM-32]
[lib_symbol_issues]: The current configuration does not include the symbol library 'power'
    ; warning
    @(151.13 mm, 152.40 mm): Symbol #PWR038 [GND]
[lib_symbol_issues]: The current configuration does not include the symbol library 'power'
    ; warning
    @(151.13 mm, 152.40 mm): Symbol #PWR040 [GND]
[lib_symbol_issues]: The current configuration does not include the symbol library 'power'
    ; warning
    @(151.13 mm, 152.40 mm): Symbol #PWR037 [GND]
[lib_symbol_issues]: The current configuration does not include the symbol library 'power'
    ; warning
    @(151.13 mm, 152.40 mm): Symbol #PWR039 [GND]
[global_label_dangling]: Global label not connected anywhere else in the schematic
    ; warning
    @(166.37 mm, 144.78 mm): Global Label 'IO35'

***** Sheet /power_management1/

***** Sheet /feather_headers1/
[pin_not_connected]: Pin not connected
    ; error
    @(172.72 mm, 95.25 mm): Symbol J3 Pin 3 [Pin_3, Passive, Line]

***** Sheet /usb_uart_bridge1/
[pin_not_connected]: Pin not connected
    ; error
    @(123.19 mm, 74.93 mm): Symbol J1 Pin 4 [ID, Passive, Line]
[pin_not_connected]: Pin not connected
    ; error
    @(151.13 mm, 105.41 mm): Symbol U1 Pin 9 [~{RST}, Bidirectional, Line]
[pin_not_connected]: Pin not connected
    ; error
    @(151.13 mm, 118.11 mm): Symbol U1 Pin 8 [VBUS, Input, Line]
[pin_not_driven]: Input pin not driven by any Output pins
    ; error
    @(151.13 mm, 118.11 mm): Symbol U1 Pin 8 [VBUS, Input, Line]
[pin_not_connected]: Pin not connected
    ; error
    @(176.53 mm, 113.03 mm): Symbol U1 Pin 18 [~{CTS}, Input, Line]
[pin_not_driven]: Input pin not driven by any Output pins
    ; error
    @(176.53 mm, 113.03 mm): Symbol U1 Pin 18 [~{CTS}, Input, Line]
[pin_not_connected]: Pin not connected
    ; error
    @(176.53 mm, 115.57 mm): Symbol U1 Pin 22 [~{DSR}, Input, Line]
[pin_not_driven]: Input pin not driven by any Output pins
    ; error
    @(176.53 mm, 115.57 mm): Symbol U1 Pin 22 [~{DSR}, Input, Line]
[pin_not_connected]: Pin not connected
    ; error
    @(151.13 mm, 148.59 mm): Symbol U1 Pin 16 [VPP, Passive, Line]
[pin_not_connected]: Pin not connected
    ; error
    @(176.53 mm, 120.65 mm): Symbol U1 Pin 24 [~{DCD}, Input, Line]
[pin_not_driven]: Input pin not driven by any Output pins
    ; error
    @(176.53 mm, 120.65 mm): Symbol U1 Pin 24 [~{DCD}, Input, Line]
[pin_not_connected]: Pin not connected
    ; error
    @(176.53 mm, 123.19 mm): Symbol U1 Pin 1 [~{RI}, Input, Line]
[pin_not_driven]: Input pin not driven by any Output pins
    ; error
    @(176.53 mm, 123.19 mm): Symbol U1 Pin 1 [~{RI}, Input, Line]
[pin_not_connected]: Pin not connected
    ; error
    @(176.53 mm, 128.27 mm): Symbol U1 Pin 17 [SUSPEND, Output, Line]
[pin_not_connected]: Pin not connected
    ; error
    @(176.53 mm, 130.81 mm): Symbol U1 Pin 15 [~{SUSPEND}, Output, Line]
[pin_not_connected]: Pin not connected
    ; error
    @(176.53 mm, 135.89 mm): Symbol U1 Pin 14 [TXT/GPIO.0, Bidirectional, Line]
[pin_not_connected]: Pin not connected
    ; error
    @(176.53 mm, 138.43 mm): Symbol U1 Pin 13 [RXT/GPIO.1, Bidirectional, Line]
[pin_not_connected]: Pin not connected
    ; error
    @(176.53 mm, 140.97 mm): Symbol U1 Pin 12 [RS485/GPIO.2, Bidirectional, Line]
[pin_not_connected]: Pin not connected
    ; error
    @(176.53 mm, 143.51 mm): Symbol U1 Pin 11 [GPIO.3, Bidirectional, Line]

***** Sheet /esp32_module1/
[pin_not_connected]: Pin not connected
    ; error
    @(135.89 mm, 116.84 mm): Symbol U4 Pin 21 [SDO/SD0, Bidirectional, Line]
[pin_not_connected]: Pin not connected
    ; error
    @(135.89 mm, 119.38 mm): Symbol U4 Pin 22 [SDI/SD1, Bidirectional, Line]
[pin_not_connected]: Pin not connected
    ; error
    @(135.89 mm, 121.92 mm): Symbol U4 Pin 17 [SHD/SD2, Bidirectional, Line]
[pin_not_connected]: Pin not connected
    ; error
    @(135.89 mm, 124.46 mm): Symbol U4 Pin 18 [SWP/SD3, Bidirectional, Line]
[pin_not_connected]: Pin not connected
    ; error
    @(135.89 mm, 127.00 mm): Symbol U4 Pin 20 [SCK/CLK, Bidirectional, Line]
[pin_not_connected]: Pin not connected
    ; error
    @(135.89 mm, 129.54 mm): Symbol U4 Pin 19 [SCS/CMD, Bidirectional, Line]
[pin_not_driven]: Input pin not driven by any Output pins
    ; error
    @(166.37 mm, 144.78 mm): Symbol U4 Pin 7 [IO35, Input, Line]

 ** ERC messages: 108  Errors 27  Warnings 81
