ERC report (2026-06-10T00:12:48+1000, Encoding UTF8)
Report includes: Errors, Warnings, Exclusions

***** Sheet /
[global_label_dangling]: Global label not connected anywhere else in the schematic
    ; warning
    @(118.11 mm, 87.63 mm): Global Label 'DAC0'
[global_label_dangling]: Global label not connected anywhere else in the schematic
    ; warning
    @(118.11 mm, 92.71 mm): Global Label 'GPIO14'
[global_label_dangling]: Global label not connected anywhere else in the schematic
    ; warning
    @(118.11 mm, 97.79 mm): Global Label 'GPIO15'
[global_label_dangling]: Global label not connected anywhere else in the schematic
    ; warning
    @(118.11 mm, 102.87 mm): Global Label 'GPIO17'
[global_label_dangling]: Global label not connected anywhere else in the schematic
    ; warning
    @(118.11 mm, 107.95 mm): Global Label 'GPIO18'
[global_label_dangling]: Global label not connected anywhere else in the schematic
    ; warning
    @(152.40 mm, 55.88 mm): Global Label 'GPIO0'
[global_label_dangling]: Global label not connected anywhere else in the schematic
    ; warning
    @(152.40 mm, 60.96 mm): Global Label 'GPIO1'
[global_label_dangling]: Global label not connected anywhere else in the schematic
    ; warning
    @(152.40 mm, 66.04 mm): Global Label 'GPIO2'
[lib_symbol_issues]: The current configuration does not include the symbol library '/usr/share/kicad/symbols/Connector_Generic'
    ; warning
    @(135.89 mm, 96.52 mm): Symbol J5 [Conn_01x06]
[global_label_dangling]: Global label not connected anywhere else in the schematic
    ; warning
    @(152.40 mm, 71.12 mm): Global Label 'GPIO3'
[global_label_dangling]: Global label not connected anywhere else in the schematic
    ; warning
    @(152.40 mm, 76.20 mm): Global Label 'GPIO4'
[global_label_dangling]: Global label not connected anywhere else in the schematic
    ; warning
    @(152.40 mm, 81.28 mm): Global Label 'GPIO5'
[global_label_dangling]: Global label not connected anywhere else in the schematic
    ; warning
    @(152.40 mm, 86.36 mm): Global Label 'GPIO6'
[global_label_dangling]: Global label not connected anywhere else in the schematic
    ; warning
    @(152.40 mm, 91.44 mm): Global Label 'GPIO7'
[global_label_dangling]: Global label not connected anywhere else in the schematic
    ; warning
    @(152.40 mm, 96.52 mm): Global Label 'GPIO8'
[global_label_dangling]: Global label not connected anywhere else in the schematic
    ; warning
    @(152.40 mm, 101.60 mm): Global Label 'GPIO9'
[global_label_dangling]: Global label not connected anywhere else in the schematic
    ; warning
    @(152.40 mm, 106.68 mm): Global Label 'GPIO10'
[global_label_dangling]: Global label not connected anywhere else in the schematic
    ; warning
    @(135.89 mm, 133.35 mm): Global Label 'GPIO19'
[global_label_dangling]: Global label not connected anywhere else in the schematic
    ; warning
    @(128.27 mm, 144.78 mm): Global Label 'GPIO16'
[lib_symbol_issues]: The current configuration does not include the symbol library 'power'
    ; warning
    @(154.94 mm, 120.65 mm): Symbol #PWR078 [+3V3]
[global_label_dangling]: Global label not connected anywhere else in the schematic
    ; warning
    @(128.27 mm, 149.86 mm): Global Label 'GPIO20'
[lib_symbol_issues]: The current configuration does not include the symbol library 'power'
    ; warning
    @(154.94 mm, 123.19 mm): Symbol #PWR079 [+5V]
[lib_symbol_issues]: The current configuration does not include the symbol library 'power'
    ; warning
    @(154.94 mm, 125.73 mm): Symbol #PWR080 [GND]
[lib_symbol_issues]: The current configuration does not include the symbol library 'power'
    ; warning
    @(154.94 mm, 128.27 mm): Symbol #PWR081 [GND]
[lib_symbol_issues]: The current configuration does not include the symbol library '/usr/share/kicad/symbols/Connector_Generic'
    ; warning
    @(160.02 mm, 125.73 mm): Symbol J6 [Conn_01x08]
[lib_symbol_issues]: The current configuration does not include the symbol library '/usr/share/kicad/symbols/Connector_Generic'
    ; warning
    @(186.69 mm, 86.36 mm): Symbol J4 [Conn_01x16]
[lib_symbol_issues]: The current configuration does not include the symbol library 'power'
    ; warning
    @(181.61 mm, 104.14 mm): Symbol #PWR077 [GND]
[lib_symbol_issues]: The current configuration does not include the symbol library '/usr/share/kicad/symbols/Connector_Generic'
    ; warning
    @(149.86 mm, 149.86 mm): Symbol J7 [Conn_02x03_Odd_Even]
[lib_symbol_issues]: The current configuration does not include the symbol library 'power'
    ; warning
    @(157.48 mm, 147.32 mm): Symbol #PWR082 [+5V]
[lib_symbol_issues]: The current configuration does not include the symbol library 'power'
    ; warning
    @(157.48 mm, 152.40 mm): Symbol #PWR083 [GND]
[lib_symbol_issues]: The current configuration does not include the symbol library '/usr/share/kicad/symbols/Device'
    ; warning
    @(135.89 mm, 111.76 mm): Symbol C22 [C]
[lib_symbol_issues]: The current configuration does not include the symbol library 'power'
    ; warning
    @(135.89 mm, 115.57 mm): Symbol #PWR069 [GND]
[lib_symbol_issues]: The current configuration does not include the symbol library '/usr/share/kicad/symbols/Switch'
    ; warning
    @(153.67 mm, 91.44 mm): Symbol SW2 [SW_Push]
[lib_symbol_issues]: The current configuration does not include the symbol library 'power'
    ; warning
    @(158.75 mm, 91.44 mm): Symbol #PWR068 [GND]
[lib_symbol_issues]: The current configuration does not include the symbol library 'power'
    ; warning
    @(135.89 mm, 87.63 mm): Symbol #PWR057 [VBUS]
[lib_symbol_issues]: The current configuration does not include the symbol library '/usr/share/kicad/symbols/Device'
    ; warning
    @(135.89 mm, 91.44 mm): Symbol C19 [C]
[lib_symbol_issues]: The current configuration does not include the symbol library 'power'
    ; warning
    @(135.89 mm, 95.25 mm): Symbol #PWR058 [GND]
[lib_symbol_issues]: The current configuration does not include the symbol library '/usr/share/kicad/symbols/Device'
    ; warning
    @(153.67 mm, 80.01 mm): Symbol D3 [D_TVS]
[lib_symbol_issues]: The current configuration does not include the symbol library 'power'
    ; warning
    @(157.48 mm, 80.01 mm): Symbol #PWR056 [GND]
[lib_symbol_issues]: The current configuration does not include the symbol library '/usr/share/kicad/symbols/Connector'
    ; warning
    @(133.35 mm, 116.84 mm): Symbol J2 [USB_B_Micro]
[lib_symbol_issues]: The current configuration does not include the symbol library 'power'
    ; warning
    @(140.97 mm, 111.76 mm): Symbol #PWR055 [VBUS]
[lib_symbol_issues]: The current configuration does not include the symbol library 'power'
    ; warning
    @(130.81 mm, 127.00 mm): Symbol #PWR053 [GND]
[lib_symbol_issues]: The current configuration does not include the symbol library 'power'
    ; warning
    @(133.35 mm, 127.00 mm): Symbol #PWR054 [GND]
[global_label_dangling]: Global label not connected anywhere else in the schematic
    ; warning
    @(157.48 mm, 119.38 mm): Global Label 'USB_DM'
[lib_symbol_issues]: The current configuration does not include the symbol library '/usr/share/kicad/symbols/Connector'
    ; warning
    @(104.14 mm, 76.20 mm): Symbol J1 [Barrel_Jack]
[lib_symbol_issues]: The current configuration does not include the symbol library 'power'
    ; warning
    @(97.79 mm, 88.90 mm): Symbol #PWR030 [GND]
[lib_symbol_issues]: The current configuration does not include the symbol library '/usr/share/kicad/symbols/Switch'
    ; warning
    @(102.87 mm, 88.90 mm): Symbol SW1 [SW_SPDT]
[lib_symbol_issues]: The current configuration does not include the symbol library 'power'
    ; warning
    @(111.76 mm, 78.74 mm): Symbol #PWR029 [GND]
[lib_symbol_issues]: The current configuration does not include the symbol library 'power'
    ; warning
    @(128.27 mm, 86.36 mm): Symbol #PWR047 [+5V]
[lib_symbol_issues]: The current configuration does not include the symbol library '/usr/share/kicad/symbols/Device'
    ; warning
    @(121.92 mm, 95.25 mm): Symbol L2 [L]
[lib_symbol_issues]: The current configuration does not include the symbol library '/usr/share/kicad/symbols/Device'
    ; warning
    @(128.27 mm, 90.17 mm): Symbol C16 [C]
[lib_symbol_issues]: The current configuration does not include the symbol library 'power'
    ; warning
    @(121.92 mm, 99.06 mm): Symbol #PWR034 [+5V]
[lib_symbol_issues]: The current configuration does not include the symbol library 'power'
    ; warning
    @(128.27 mm, 93.98 mm): Symbol #PWR048 [GND]
[lib_symbol_issues]: The current configuration does not include the symbol library 'power'
    ; warning
    @(134.62 mm, 86.36 mm): Symbol #PWR037 [+5V]
[lib_symbol_issues]: The current configuration does not include the symbol library '/usr/share/kicad/symbols/Device'
    ; warning
    @(134.62 mm, 90.17 mm): Symbol C14 [C]
[lib_symbol_issues]: The current configuration does not include the symbol library 'power'
    ; warning
    @(134.62 mm, 93.98 mm): Symbol #PWR038 [GND]
[lib_symbol_issues]: The current configuration does not include the symbol library 'power'
    ; warning
    @(140.97 mm, 87.63 mm): Symbol #PWR049 [+3V3]
[lib_symbol_issues]: The current configuration does not include the symbol library '/usr/share/kicad/symbols/Device'
    ; warning
    @(140.97 mm, 91.44 mm): Symbol C17 [C]
[lib_symbol_issues]: The current configuration does not include the symbol library 'power'
    ; warning
    @(140.97 mm, 95.25 mm): Symbol #PWR050 [GND]
[lib_symbol_issues]: The current configuration does not include the symbol library '/usr/share/kicad/symbols/Device'
    ; warning
    @(147.32 mm, 93.98 mm): Symbol C12 [C]
[lib_symbol_issues]: The current configuration does not include the symbol library 'power'
    ; warning
    @(153.67 mm, 86.36 mm): Symbol #PWR039 [+5V]
[lib_symbol_issues]: The current configuration does not include the symbol library 'power'
    ; warning
    @(147.32 mm, 97.79 mm): Symbol #PWR032 [GND]
[lib_symbol_issues]: The current configuration does not include the symbol library '/usr/share/kicad/symbols/Device'
    ; warning
    @(162.56 mm, 69.85 mm): Symbol D1 [D_Schottky]
[lib_symbol_issues]: The current configuration does not include the symbol library '/usr/share/kicad/symbols/Device'
    ; warning
    @(153.67 mm, 90.17 mm): Symbol C15 [C]
[lib_symbol_issues]: The current configuration does not include the symbol library 'power'
    ; warning
    @(153.67 mm, 93.98 mm): Symbol #PWR040 [GND]
[lib_symbol_issues]: The current configuration does not include the symbol library 'power'
    ; warning
    @(166.37 mm, 69.85 mm): Symbol #PWR031 [GND]
[lib_symbol_issues]: The current configuration does not include the symbol library 'power'
    ; warning
    @(163.83 mm, 77.47 mm): Symbol #PWR041 [+5V]
[lib_symbol_issues]: The current configuration does not include the symbol library 'power'
    ; warning
    @(161.29 mm, 88.90 mm): Symbol #PWR051 [+3V3]
[lib_symbol_issues]: The current configuration does not include the symbol library '/usr/share/kicad/symbols/Device'
    ; warning
    @(167.64 mm, 77.47 mm): Symbol D2 [D_Schottky]
[lib_symbol_issues]: The current configuration does not include the symbol library '/usr/share/kicad/symbols/Device'
    ; warning
    @(133.35 mm, 128.27 mm): Symbol C13 [C]
[lib_symbol_issues]: The current configuration does not include the symbol library '/usr/share/kicad/symbols/Device'
    ; warning
    @(161.29 mm, 92.71 mm): Symbol C18 [C]
[lib_symbol_issues]: The current configuration does not include the symbol library 'power'
    ; warning
    @(161.29 mm, 96.52 mm): Symbol #PWR052 [GND]
[lib_symbol_issues]: The current configuration does not include the symbol library 'power'
    ; warning
    @(171.45 mm, 77.47 mm): Symbol #PWR042 [VBUS]
[lib_symbol_issues]: The current configuration does not include the symbol library 'power'
    ; warning
    @(147.32 mm, 119.38 mm): Symbol #PWR033 [GND]
[lib_symbol_issues]: The current configuration does not include the symbol library '/usr/share/kicad/symbols/Device'
    ; warning
    @(166.37 mm, 93.98 mm): Symbol R3 [R]
[lib_symbol_issues]: The current configuration does not include the symbol library 'power'
    ; warning
    @(166.37 mm, 97.79 mm): Symbol #PWR036 [GND]
[lib_symbol_issues]: The current configuration does not include the symbol library 'power'
    ; warning
    @(172.72 mm, 87.63 mm): Symbol #PWR035 [+5V]
[lib_symbol_issues]: The current configuration does not include the symbol library 'Custom'
    ; warning
    @(154.94 mm, 116.84 mm): Symbol U2 [AP63205]
[lib_symbol_issues]: The current configuration does not include the symbol library '/usr/share/kicad/symbols/Device'
    ; warning
    @(172.72 mm, 91.44 mm): Symbol R2 [R]
[lib_symbol_issues]: The current configuration does not include the symbol library 'power'
    ; warning
    @(181.61 mm, 86.36 mm): Symbol #PWR043 [+5V]
[lib_symbol_issues]: The current configuration does not include the symbol library 'power'
    ; warning
    @(181.61 mm, 88.90 mm): Symbol #PWR044 [+5V]
[lib_symbol_issues]: The current configuration does not include the symbol library '/usr/share/kicad/symbols/Regulator_Linear'
    ; warning
    @(189.23 mm, 88.90 mm): Symbol U3 [AP2112K-3.3]
[lib_symbol_issues]: The current configuration does not include the symbol library 'power'
    ; warning
    @(189.23 mm, 96.52 mm): Symbol #PWR045 [GND]
[lib_symbol_issues]: The current configuration does not include the symbol library 'power'
    ; warning
    @(196.85 mm, 86.36 mm): Symbol #PWR046 [+3V3]
[lib_symbol_issues]: The current configuration does not include the symbol library 'power'
    ; warning
    @(128.27 mm, 101.60 mm): Symbol #PWR066 [+5V]
[lib_symbol_issues]: The current configuration does not include the symbol library '/usr/share/kicad/symbols/Device'
    ; warning
    @(128.27 mm, 105.41 mm): Symbol C21 [C]
[lib_symbol_issues]: The current configuration does not include the symbol library 'power'
    ; warning
    @(128.27 mm, 109.22 mm): Symbol #PWR067 [GND]
[global_label_dangling]: Global label not connected anywhere else in the schematic
    ; warning
    @(148.59 mm, 105.41 mm): Global Label 'NEOPIXEL'
[lib_symbol_issues]: The current configuration does not include the symbol library 'power'
    ; warning
    @(163.83 mm, 97.79 mm): Symbol #PWR064 [+5V]
[lib_symbol_issues]: The current configuration does not include the symbol library '/usr/share/kicad/symbols/LED'
    ; warning
    @(163.83 mm, 105.41 mm): Symbol D4 [WS2812B]
[lib_symbol_issues]: The current configuration does not include the symbol library 'power'
    ; warning
    @(163.83 mm, 113.03 mm): Symbol #PWR065 [GND]
[lib_symbol_issues]: The current configuration does not include the symbol library 'power'
    ; warning
    @(132.08 mm, 111.76 mm): Symbol #PWR084 [GND]
[lib_symbol_issues]: The current configuration does not include the symbol library '/usr/share/kicad/symbols/Device'
    ; warning
    @(135.89 mm, 111.76 mm): Symbol D5 [LED]
[lib_symbol_issues]: The current configuration does not include the symbol library 'power'
    ; warning
    @(144.78 mm, 101.60 mm): Symbol #PWR085 [+3V3]
[lib_symbol_issues]: The current configuration does not include the symbol library '/usr/share/kicad/symbols/Device'
    ; warning
    @(144.78 mm, 105.41 mm): Symbol R4 [R]
[lib_symbol_issues]: The current configuration does not include the symbol library 'power'
    ; warning
    @(156.21 mm, 113.03 mm): Symbol #PWR086 [GND]
[lib_symbol_issues]: The current configuration does not include the symbol library '/usr/share/kicad/symbols/Device'
    ; warning
    @(160.02 mm, 113.03 mm): Symbol D6 [LED]
[lib_symbol_issues]: The current configuration does not include the symbol library '/usr/share/kicad/symbols/Device'
    ; warning
    @(168.91 mm, 106.68 mm): Symbol R5 [R]
[lib_symbol_issues]: The current configuration does not include the symbol library '/usr/share/kicad/symbols/Device'
    ; warning
    @(146.05 mm, 105.41 mm): Symbol C23 [C]
[lib_symbol_issues]: The current configuration does not include the symbol library 'power'
    ; warning
    @(151.13 mm, 101.60 mm): Symbol #PWR088 [+3V3]
[lib_symbol_issues]: The current configuration does not include the symbol library 'power'
    ; warning
    @(146.05 mm, 109.22 mm): Symbol #PWR087 [GND]
[lib_symbol_issues]: The current configuration does not include the symbol library '/usr/share/kicad/symbols/Device'
    ; warning
    @(151.13 mm, 105.41 mm): Symbol R6 [R]
[lib_symbol_issues]: The current configuration does not include the symbol library 'power'
    ; warning
    @(120.65 mm, 101.60 mm): Symbol #PWR062 [+3V3]
[lib_symbol_issues]: The current configuration does not include the symbol library '/usr/share/kicad/symbols/Device'
    ; warning
    @(120.65 mm, 105.41 mm): Symbol C20 [C]
[lib_symbol_issues]: The current configuration does not include the symbol library 'power'
    ; warning
    @(120.65 mm, 109.22 mm): Symbol #PWR063 [GND]
[global_label_dangling]: Global label not connected anywhere else in the schematic
    ; warning
    @(140.97 mm, 91.44 mm): Global Label 'QSPI_CS'
[global_label_dangling]: Global label not connected anywhere else in the schematic
    ; warning
    @(140.97 mm, 96.52 mm): Global Label 'QSPI_SCK'
[global_label_dangling]: Global label not connected anywhere else in the schematic
    ; warning
    @(140.97 mm, 101.60 mm): Global Label 'QSPI_D0'
[global_label_dangling]: Global label not connected anywhere else in the schematic
    ; warning
    @(140.97 mm, 106.68 mm): Global Label 'QSPI_D1'
[global_label_dangling]: Global label not connected anywhere else in the schematic
    ; warning
    @(140.97 mm, 111.76 mm): Global Label 'QSPI_D2'
[global_label_dangling]: Global label not connected anywhere else in the schematic
    ; warning
    @(140.97 mm, 116.84 mm): Global Label 'QSPI_D3'
[lib_symbol_issues]: The current configuration does not include the symbol library 'power'
    ; warning
    @(167.64 mm, 90.17 mm): Symbol #PWR059 [+3V3]
[lib_symbol_issues]: The current configuration does not include the symbol library '/usr/share/kicad/symbols/Memory_Flash'
    ; warning
    @(167.64 mm, 105.41 mm): Symbol U4 [GD25QxxxEY]
[lib_symbol_issues]: The current configuration does not include the symbol library 'power'
    ; warning
    @(167.64 mm, 120.65 mm): Symbol #PWR060 [GND]
[lib_symbol_issues]: The current configuration does not include the symbol library 'power'
    ; warning
    @(170.18 mm, 120.65 mm): Symbol #PWR061 [GND]
[lib_symbol_issues]: The current configuration does not include the symbol library 'power'
    ; warning
    @(129.54 mm, 100.33 mm): Symbol #PWR070 [+3V3]
[lib_symbol_issues]: The current configuration does not include the symbol library 'power'
    ; warning
    @(129.54 mm, 102.87 mm): Symbol #PWR071 [GND]
[lib_symbol_issues]: The current configuration does not include the symbol library 'power'
    ; warning
    @(129.54 mm, 105.41 mm): Symbol #PWR072 [GND]
[lib_symbol_issues]: The current configuration does not include the symbol library 'power'
    ; warning
    @(129.54 mm, 107.95 mm): Symbol #PWR073 [GND]
[lib_symbol_issues]: The current configuration does not include the symbol library 'power'
    ; warning
    @(129.54 mm, 110.49 mm): Symbol #PWR074 [GND]
[lib_symbol_issues]: The current configuration does not include the symbol library '/usr/share/kicad/symbols/Connector_Generic'
    ; warning
    @(134.62 mm, 105.41 mm): Symbol J3 [Conn_02x05_Odd_Even]
[lib_symbol_issues]: The current configuration does not include the symbol library 'power'
    ; warning
    @(142.24 mm, 105.41 mm): Symbol #PWR075 [GND]
[lib_symbol_issues]: The current configuration does not include the symbol library 'power'
    ; warning
    @(142.24 mm, 107.95 mm): Symbol #PWR076 [GND]
[global_label_dangling]: Global label not connected anywhere else in the schematic
    ; warning
    @(162.56 mm, 99.06 mm): Global Label 'SWDIO'
[global_label_dangling]: Global label not connected anywhere else in the schematic
    ; warning
    @(162.56 mm, 104.14 mm): Global Label 'SWDCLK'
[global_label_dangling]: Global label not connected anywhere else in the schematic
    ; warning
    @(97.79 mm, 52.07 mm): Global Label 'GPIO24'
[global_label_dangling]: Global label not connected anywhere else in the schematic
    ; warning
    @(138.43 mm, 55.88 mm): Global Label 'GPIO24'
[lib_symbol_issues]: The current configuration does not include the symbol library 'power'
    ; warning
    @(153.67 mm, 27.94 mm): Symbol #PWR001 [+3V3]
[lib_symbol_issues]: The current configuration does not include the symbol library 'power'
    ; warning
    @(156.21 mm, 27.94 mm): Symbol #PWR002 [+3V3]
[lib_symbol_issues]: The current configuration does not include the symbol library 'power'
    ; warning
    @(158.75 mm, 27.94 mm): Symbol #PWR007 [+3V3]
[lib_symbol_issues]: The current configuration does not include the symbol library 'power'
    ; warning
    @(161.29 mm, 27.94 mm): Symbol #PWR009 [+3V3]
[lib_symbol_issues]: The current configuration does not include the symbol library 'power'
    ; warning
    @(166.37 mm, 27.94 mm): Symbol #PWR010 [+3V3]
[lib_symbol_issues]: The current configuration does not include the symbol library '/usr/share/kicad/symbols/MCU_Microchip_SAMD'
    ; warning
    @(156.21 mm, 73.66 mm): Symbol U1 [ATSAMD51J19A-A]
[global_label_dangling]: Global label not connected anywhere else in the schematic
    ; warning
    @(173.99 mm, 45.72 mm): Global Label 'GPIO22'
[global_label_dangling]: Global label not connected anywhere else in the schematic
    ; warning
    @(173.99 mm, 48.26 mm): Global Label 'GPIO23'
[unconnected_wire_endpoint]: Unconnected wire endpoint
    ; warning
    @(134.62 mm, 130.81 mm): Horizontal Wire, length 2.54 mm
[global_label_dangling]: Global label not connected anywhere else in the schematic
    ; warning
    @(173.99 mm, 88.90 mm): Global Label 'GPIO21'
[lib_symbol_issues]: The current configuration does not include the symbol library 'power'
    ; warning
    @(156.21 mm, 119.38 mm): Symbol #PWR004 [GND]
[lib_symbol_issues]: The current configuration does not include the symbol library 'power'
    ; warning
    @(156.21 mm, 119.38 mm): Symbol #PWR003 [GND]
[lib_symbol_issues]: The current configuration does not include the symbol library 'power'
    ; warning
    @(156.21 mm, 119.38 mm): Symbol #PWR005 [GND]
[lib_symbol_issues]: The current configuration does not include the symbol library 'power'
    ; warning
    @(156.21 mm, 119.38 mm): Symbol #PWR006 [GND]
[lib_symbol_issues]: The current configuration does not include the symbol library '/usr/share/kicad/symbols/Device'
    ; warning
    @(138.43 mm, 139.70 mm): Symbol C10 [C]
[lib_symbol_issues]: The current configuration does not include the symbol library 'power'
    ; warning
    @(158.75 mm, 119.38 mm): Symbol #PWR008 [GND]
[lib_symbol_issues]: The current configuration does not include the symbol library 'power'
    ; warning
    @(138.43 mm, 143.51 mm): Symbol #PWR027 [GND]
[lib_symbol_issues]: The current configuration does not include the symbol library '/usr/share/kicad/symbols/Device'
    ; warning
    @(148.59 mm, 133.35 mm): Symbol Y2 [Crystal]
[global_label_dangling]: Global label not connected anywhere else in the schematic
    ; warning
    @(196.85 mm, 40.64 mm): Global Label 'GPIO22'
[lib_symbol_issues]: The current configuration does not include the symbol library '/usr/share/kicad/symbols/Device'
    ; warning
    @(104.14 mm, 172.72 mm): Symbol L1 [L]
[global_label_dangling]: Global label not connected anywhere else in the schematic
    ; warning
    @(196.85 mm, 45.72 mm): Global Label 'GPIO23'
[unconnected_wire_endpoint]: Unconnected wire endpoint
    ; warning
    @(161.29 mm, 130.81 mm): Horizontal Wire, length 2.54 mm
[global_label_dangling]: Global label not connected anywhere else in the schematic
    ; warning
    @(135.89 mm, 154.94 mm): Global Label 'VSW'
[lib_symbol_issues]: The current configuration does not include the symbol library 'power'
    ; warning
    @(111.76 mm, 175.26 mm): Symbol #PWR020 [+3V3]
[global_label_dangling]: Global label not connected anywhere else in the schematic
    ; warning
    @(135.89 mm, 160.02 mm): Global Label 'GPIO16'
[lib_symbol_issues]: The current configuration does not include the symbol library '/usr/share/kicad/symbols/Device'
    ; warning
    @(157.48 mm, 139.70 mm): Symbol C11 [C]
[lib_symbol_issues]: The current configuration does not include the symbol library '/usr/share/kicad/symbols/Device'
    ; warning
    @(111.76 mm, 179.07 mm): Symbol C6 [C]
[lib_symbol_issues]: The current configuration does not include the symbol library 'power'
    ; warning
    @(157.48 mm, 143.51 mm): Symbol #PWR028 [GND]
[lib_symbol_issues]: The current configuration does not include the symbol library '/usr/share/kicad/symbols/Device'
    ; warning
    @(118.11 mm, 177.80 mm): Symbol C8 [C]
[global_label_dangling]: Global label not connected anywhere else in the schematic
    ; warning
    @(135.89 mm, 165.10 mm): Global Label 'GPIO20'
[lib_symbol_issues]: The current configuration does not include the symbol library 'power'
    ; warning
    @(111.76 mm, 182.88 mm): Symbol #PWR021 [GND]
[lib_symbol_issues]: The current configuration does not include the symbol library 'power'
    ; warning
    @(124.46 mm, 175.26 mm): Symbol #PWR012 [+3V3]
[lib_symbol_issues]: The current configuration does not include the symbol library 'power'
    ; warning
    @(118.11 mm, 181.61 mm): Symbol #PWR025 [GND]
[lib_symbol_issues]: The current configuration does not include the symbol library '/usr/share/kicad/symbols/Device'
    ; warning
    @(124.46 mm, 179.07 mm): Symbol C2 [C]
[lib_symbol_issues]: The current configuration does not include the symbol library 'power'
    ; warning
    @(130.81 mm, 175.26 mm): Symbol #PWR018 [+3V3]
[lib_symbol_issues]: The current configuration does not include the symbol library 'power'
    ; warning
    @(124.46 mm, 182.88 mm): Symbol #PWR013 [GND]
[global_label_dangling]: Global label not connected anywhere else in the schematic
    ; warning
    @(196.85 mm, 101.60 mm): Global Label 'GPIO21'
[lib_symbol_issues]: The current configuration does not include the symbol library '/usr/share/kicad/symbols/Device'
    ; warning
    @(130.81 mm, 179.07 mm): Symbol C5 [C]
[lib_symbol_issues]: The current configuration does not include the symbol library 'power'
    ; warning
    @(130.81 mm, 182.88 mm): Symbol #PWR019 [GND]
[lib_symbol_issues]: The current configuration does not include the symbol library '/usr/share/kicad/symbols/Device'
    ; warning
    @(137.16 mm, 179.07 mm): Symbol C9 [C]
[lib_symbol_issues]: The current configuration does not include the symbol library 'power'
    ; warning
    @(143.51 mm, 175.26 mm): Symbol #PWR014 [+3V3]
[lib_symbol_issues]: The current configuration does not include the symbol library 'power'
    ; warning
    @(137.16 mm, 182.88 mm): Symbol #PWR026 [GND]
[lib_symbol_issues]: The current configuration does not include the symbol library '/usr/share/kicad/symbols/Device'
    ; warning
    @(143.51 mm, 179.07 mm): Symbol C3 [C]
[lib_symbol_issues]: The current configuration does not include the symbol library 'power'
    ; warning
    @(143.51 mm, 182.88 mm): Symbol #PWR015 [GND]
[lib_symbol_issues]: The current configuration does not include the symbol library 'power'
    ; warning
    @(157.48 mm, 173.99 mm): Symbol #PWR016 [+3V3]
[lib_symbol_issues]: The current configuration does not include the symbol library '/usr/share/kicad/symbols/Device'
    ; warning
    @(149.86 mm, 181.61 mm): Symbol C1 [C]
[lib_symbol_issues]: The current configuration does not include the symbol library '/usr/share/kicad/symbols/Device'
    ; warning
    @(157.48 mm, 177.80 mm): Symbol C4 [C]
[lib_symbol_issues]: The current configuration does not include the symbol library 'power'
    ; warning
    @(149.86 mm, 185.42 mm): Symbol #PWR011 [GND]
[lib_symbol_issues]: The current configuration does not include the symbol library 'power'
    ; warning
    @(163.83 mm, 173.99 mm): Symbol #PWR022 [+3V3]
[lib_symbol_issues]: The current configuration does not include the symbol library 'power'
    ; warning
    @(157.48 mm, 181.61 mm): Symbol #PWR017 [GND]
[lib_symbol_issues]: The current configuration does not include the symbol library 'power'
    ; warning
    @(168.91 mm, 172.72 mm): Symbol #PWR024 [+3V3]
[lib_symbol_issues]: The current configuration does not include the symbol library '/usr/share/kicad/symbols/Device'
    ; warning
    @(163.83 mm, 177.80 mm): Symbol C7 [C]
[lib_symbol_issues]: The current configuration does not include the symbol library '/usr/share/kicad/symbols/Device'
    ; warning
    @(168.91 mm, 176.53 mm): Symbol R1 [R]
[lib_symbol_issues]: The current configuration does not include the symbol library 'power'
    ; warning
    @(163.83 mm, 181.61 mm): Symbol #PWR023 [GND]
[lib_symbol_issues]: The current configuration does not include the symbol library '/usr/share/kicad/symbols/Device'
    ; warning
    @(182.88 mm, 165.10 mm): Symbol Y1 [Crystal]

***** Sheet /arduino_headers1/

***** Sheet /reset_circuit1/

***** Sheet /usb_interface1/
[pin_not_connected]: Pin not connected
    ; error
    @(140.97 mm, 121.92 mm): Symbol J2 Pin 4 [ID, Passive, Line]

***** Sheet /power_supply1/
[power_pin_not_driven]: Input Power pin not driven by any Output Power pins
    ; error
    @(121.92 mm, 99.06 mm): Symbol #PWR034 Pin 1 [Power input, Line]
[power_pin_not_driven]: Input Power pin not driven by any Output Power pins
    ; error
    @(147.32 mm, 116.84 mm): Symbol U2 Pin 3 [VIN, Power input, Line]

***** Sheet /neopixel_led1/
[pin_not_connected]: Pin not connected
    ; error
    @(171.45 mm, 105.41 mm): Symbol D4 Pin 2 [DOUT, Output, Line]

***** Sheet /status_leds1/

***** Sheet /analog_ref1/

***** Sheet /qspi_flash1/

***** Sheet /swd_header1/

***** Sheet /mcu_block1/
[power_pin_not_driven]: Input Power pin not driven by any Output Power pins
    ; error
    @(146.05 mm, 27.94 mm): Symbol U1 Pin 55 [VSW, Power input, Line]
[pin_not_connected]: Pin not connected
    ; error
    @(138.43 mm, 73.66 mm): Symbol U1 Pin 31 [PA14, Bidirectional, Line]
[pin_not_connected]: Pin not connected
    ; error
    @(138.43 mm, 76.20 mm): Symbol U1 Pin 32 [PA15, Bidirectional, Line]
[pin_not_connected]: Pin not connected
    ; error
    @(138.43 mm, 104.14 mm): Symbol U1 Pin 51 [PA27, Bidirectional, Line]
[pin_not_connected]: Pin not connected
    ; error
    @(173.99 mm, 40.64 mm): Symbol U1 Pin 61 [PB00, Bidirectional, Line]
[pin_not_connected]: Pin not connected
    ; error
    @(173.99 mm, 43.18 mm): Symbol U1 Pin 62 [PB01, Bidirectional, Line]
[pin_not_connected]: Pin not connected
    ; error
    @(173.99 mm, 50.80 mm): Symbol U1 Pin 5 [PB04, Bidirectional, Line]
[pin_not_connected]: Pin not connected
    ; error
    @(173.99 mm, 53.34 mm): Symbol U1 Pin 6 [PB05, Bidirectional, Line]
[pin_not_connected]: Pin not connected
    ; error
    @(173.99 mm, 55.88 mm): Symbol U1 Pin 9 [PB06, Bidirectional, Line]
[pin_not_connected]: Pin not connected
    ; error
    @(173.99 mm, 58.42 mm): Symbol U1 Pin 10 [PB07, Bidirectional, Line]
[pin_not_connected]: Pin not connected
    ; error
    @(173.99 mm, 91.44 mm): Symbol U1 Pin 59 [PB30, Bidirectional, Line]
[pin_not_connected]: Pin not connected
    ; error
    @(173.99 mm, 93.98 mm): Symbol U1 Pin 60 [PB31, Bidirectional, Line]

 ** ERC messages: 198  Errors 16  Warnings 182
