ERC report (2026-06-18T06:05:36+1000, Encoding UTF8)
Report includes: Errors, Warnings, Exclusions

***** Sheet /
[lib_symbol_issues]: The current configuration does not include the symbol library 'power'
    ; warning
    @(124.46 mm, 102.87 mm): Symbol #PWR100 [+3V3]
[lib_symbol_issues]: The current configuration does not include the symbol library '/usr/share/kicad/symbols/Device'
    ; warning
    @(124.46 mm, 106.68 mm): Symbol R9 [R]
[lib_symbol_issues]: The current configuration does not include the symbol library 'power'
    ; warning
    @(130.81 mm, 102.87 mm): Symbol #PWR099 [+3V3]
[lib_symbol_issues]: The current configuration does not include the symbol library '/usr/share/kicad/symbols/Device'
    ; warning
    @(130.81 mm, 106.68 mm): Symbol R8 [R]
[lib_symbol_issues]: The current configuration does not include the symbol library 'power'
    ; warning
    @(135.89 mm, 102.87 mm): Symbol #PWR101 [+3V3]
[lib_symbol_issues]: The current configuration does not include the symbol library '/usr/share/kicad/symbols/Device'
    ; warning
    @(135.89 mm, 106.68 mm): Symbol R10 [R]
[lib_symbol_issues]: The current configuration does not include the symbol library 'power'
    ; warning
    @(148.59 mm, 97.79 mm): Symbol #PWR097 [GND]
[lib_symbol_issues]: The current configuration does not include the symbol library '/usr/share/kicad/symbols/Device'
    ; warning
    @(156.21 mm, 97.79 mm): Symbol SW13 [RotaryEncoder_Switch]
[lib_symbol_issues]: The current configuration does not include the symbol library 'power'
    ; warning
    @(163.83 mm, 100.33 mm): Symbol #PWR098 [GND]
[lib_symbol_issues]: The current configuration does not include the symbol library 'power'
    ; warning
    @(116.84 mm, 33.02 mm): Symbol #PWR065 [VBUS]
[lib_symbol_issues]: The current configuration does not include the symbol library '/usr/share/kicad/symbols/LED'
    ; warning
    @(116.84 mm, 40.64 mm): Symbol D13 [WS2812B]
[lib_symbol_issues]: The current configuration does not include the symbol library 'power'
    ; warning
    @(116.84 mm, 48.26 mm): Symbol #PWR066 [GND]
[lib_symbol_issues]: The current configuration does not include the symbol library 'power'
    ; warning
    @(105.41 mm, 73.66 mm): Symbol #PWR081 [VBUS]
[lib_symbol_issues]: The current configuration does not include the symbol library '/usr/share/kicad/symbols/LED'
    ; warning
    @(105.41 mm, 81.28 mm): Symbol D21 [WS2812B]
[lib_symbol_issues]: The current configuration does not include the symbol library 'power'
    ; warning
    @(105.41 mm, 88.90 mm): Symbol #PWR082 [GND]
[lib_symbol_issues]: The current configuration does not include the symbol library 'power'
    ; warning
    @(137.16 mm, 33.02 mm): Symbol #PWR067 [VBUS]
[lib_symbol_issues]: The current configuration does not include the symbol library '/usr/share/kicad/symbols/LED'
    ; warning
    @(137.16 mm, 40.64 mm): Symbol D14 [WS2812B]
[lib_symbol_issues]: The current configuration does not include the symbol library 'power'
    ; warning
    @(137.16 mm, 48.26 mm): Symbol #PWR068 [GND]
[lib_symbol_issues]: The current configuration does not include the symbol library 'power'
    ; warning
    @(125.73 mm, 73.66 mm): Symbol #PWR083 [VBUS]
[lib_symbol_issues]: The current configuration does not include the symbol library '/usr/share/kicad/symbols/LED'
    ; warning
    @(125.73 mm, 81.28 mm): Symbol D22 [WS2812B]
[lib_symbol_issues]: The current configuration does not include the symbol library 'power'
    ; warning
    @(125.73 mm, 88.90 mm): Symbol #PWR084 [GND]
[lib_symbol_issues]: The current configuration does not include the symbol library 'power'
    ; warning
    @(157.48 mm, 33.02 mm): Symbol #PWR069 [VBUS]
[lib_symbol_issues]: The current configuration does not include the symbol library '/usr/share/kicad/symbols/LED'
    ; warning
    @(157.48 mm, 40.64 mm): Symbol D15 [WS2812B]
[lib_symbol_issues]: The current configuration does not include the symbol library 'power'
    ; warning
    @(146.05 mm, 73.66 mm): Symbol #PWR085 [VBUS]
[lib_symbol_issues]: The current configuration does not include the symbol library 'power'
    ; warning
    @(116.84 mm, 115.57 mm): Symbol #PWR073 [VBUS]
[lib_symbol_issues]: The current configuration does not include the symbol library 'power'
    ; warning
    @(157.48 mm, 48.26 mm): Symbol #PWR070 [GND]
[lib_symbol_issues]: The current configuration does not include the symbol library '/usr/share/kicad/symbols/LED'
    ; warning
    @(146.05 mm, 81.28 mm): Symbol D23 [WS2812B]
[lib_symbol_issues]: The current configuration does not include the symbol library '/usr/share/kicad/symbols/LED'
    ; warning
    @(116.84 mm, 123.19 mm): Symbol D17 [WS2812B]
[lib_symbol_issues]: The current configuration does not include the symbol library 'power'
    ; warning
    @(146.05 mm, 88.90 mm): Symbol #PWR086 [GND]
[lib_symbol_issues]: The current configuration does not include the symbol library 'power'
    ; warning
    @(116.84 mm, 130.81 mm): Symbol #PWR074 [GND]
[lib_symbol_issues]: The current configuration does not include the symbol library 'power'
    ; warning
    @(137.16 mm, 115.57 mm): Symbol #PWR075 [VBUS]
[lib_symbol_issues]: The current configuration does not include the symbol library 'power'
    ; warning
    @(177.80 mm, 33.02 mm): Symbol #PWR071 [VBUS]
[lib_symbol_issues]: The current configuration does not include the symbol library 'power'
    ; warning
    @(166.37 mm, 73.66 mm): Symbol #PWR087 [VBUS]
[lib_symbol_issues]: The current configuration does not include the symbol library '/usr/share/kicad/symbols/LED'
    ; warning
    @(177.80 mm, 40.64 mm): Symbol D16 [WS2812B]
[lib_symbol_issues]: The current configuration does not include the symbol library 'power'
    ; warning
    @(177.80 mm, 48.26 mm): Symbol #PWR072 [GND]
[lib_symbol_issues]: The current configuration does not include the symbol library '/usr/share/kicad/symbols/LED'
    ; warning
    @(137.16 mm, 123.19 mm): Symbol D18 [WS2812B]
[lib_symbol_issues]: The current configuration does not include the symbol library '/usr/share/kicad/symbols/LED'
    ; warning
    @(166.37 mm, 81.28 mm): Symbol D24 [WS2812B]
[lib_symbol_issues]: The current configuration does not include the symbol library 'power'
    ; warning
    @(166.37 mm, 88.90 mm): Symbol #PWR088 [GND]
[lib_symbol_issues]: The current configuration does not include the symbol library 'power'
    ; warning
    @(137.16 mm, 130.81 mm): Symbol #PWR076 [GND]
[lib_symbol_issues]: The current configuration does not include the symbol library 'power'
    ; warning
    @(157.48 mm, 115.57 mm): Symbol #PWR077 [VBUS]
[global_label_dangling]: Global label not connected anywhere else in the schematic
    ; warning
    @(181.61 mm, 81.28 mm): Global Label 'NEO_DOUT_NC'
[lib_symbol_issues]: The current configuration does not include the symbol library '/usr/share/kicad/symbols/LED'
    ; warning
    @(157.48 mm, 123.19 mm): Symbol D19 [WS2812B]
[lib_symbol_issues]: The current configuration does not include the symbol library 'power'
    ; warning
    @(157.48 mm, 130.81 mm): Symbol #PWR078 [GND]
[global_label_dangling]: Global label not connected anywhere else in the schematic
    ; warning
    @(147.32 mm, 151.13 mm): Global Label 'NEO_CHAIN_3'
[lib_symbol_issues]: The current configuration does not include the symbol library 'power'
    ; warning
    @(177.80 mm, 115.57 mm): Symbol #PWR079 [VBUS]
[global_label_dangling]: Global label not connected anywhere else in the schematic
    ; warning
    @(147.32 mm, 156.21 mm): Global Label 'NEO_CHAIN_7'
[lib_symbol_issues]: The current configuration does not include the symbol library '/usr/share/kicad/symbols/LED'
    ; warning
    @(177.80 mm, 123.19 mm): Symbol D20 [WS2812B]
[global_label_dangling]: Global label not connected anywhere else in the schematic
    ; warning
    @(147.32 mm, 161.29 mm): Global Label 'NEOPIXEL_DATA'
[lib_symbol_issues]: The current configuration does not include the symbol library 'power'
    ; warning
    @(177.80 mm, 130.81 mm): Symbol #PWR080 [GND]
[lib_symbol_issues]: The current configuration does not include the symbol library 'power'
    ; warning
    @(140.97 mm, 171.45 mm): Symbol #PWR095 [VBUS]
[lib_symbol_issues]: The current configuration does not include the symbol library '/usr/share/kicad/symbols/Device'
    ; warning
    @(140.97 mm, 175.26 mm): Symbol C20 [C]
[lib_symbol_issues]: The current configuration does not include the symbol library 'power'
    ; warning
    @(148.59 mm, 171.45 mm): Symbol #PWR093 [VBUS]
[lib_symbol_issues]: The current configuration does not include the symbol library 'power'
    ; warning
    @(140.97 mm, 179.07 mm): Symbol #PWR096 [GND]
[lib_symbol_issues]: The current configuration does not include the symbol library '/usr/share/kicad/symbols/Device'
    ; warning
    @(148.59 mm, 175.26 mm): Symbol C19 [C]
[lib_symbol_issues]: The current configuration does not include the symbol library 'power'
    ; warning
    @(154.94 mm, 170.18 mm): Symbol #PWR089 [VBUS]
[lib_symbol_issues]: The current configuration does not include the symbol library 'power'
    ; warning
    @(148.59 mm, 179.07 mm): Symbol #PWR094 [GND]
[lib_symbol_issues]: The current configuration does not include the symbol library '/usr/share/kicad/symbols/Device'
    ; warning
    @(154.94 mm, 173.99 mm): Symbol C17 [C]
[lib_symbol_issues]: The current configuration does not include the symbol library 'power'
    ; warning
    @(161.29 mm, 168.91 mm): Symbol #PWR091 [VBUS]
[lib_symbol_issues]: The current configuration does not include the symbol library 'power'
    ; warning
    @(154.94 mm, 177.80 mm): Symbol #PWR090 [GND]
[lib_symbol_issues]: The current configuration does not include the symbol library '/usr/share/kicad/symbols/Device'
    ; warning
    @(161.29 mm, 172.72 mm): Symbol C18 [C]
[lib_symbol_issues]: The current configuration does not include the symbol library 'power'
    ; warning
    @(161.29 mm, 176.53 mm): Symbol #PWR092 [GND]
[lib_symbol_issues]: The current configuration does not include the symbol library 'power'
    ; warning
    @(132.08 mm, 100.33 mm): Symbol #PWR106 [+3V3]
[lib_symbol_issues]: The current configuration does not include the symbol library '/usr/share/kicad/symbols/Device'
    ; warning
    @(132.08 mm, 104.14 mm): Symbol C21 [C]
[lib_symbol_issues]: The current configuration does not include the symbol library 'power'
    ; warning
    @(137.16 mm, 100.33 mm): Symbol #PWR104 [+3V3]
[lib_symbol_issues]: The current configuration does not include the symbol library 'power'
    ; warning
    @(132.08 mm, 107.95 mm): Symbol #PWR107 [GND]
[lib_symbol_issues]: The current configuration does not include the symbol library '/usr/share/kicad/symbols/Device'
    ; warning
    @(137.16 mm, 104.14 mm): Symbol R11 [R]
[lib_symbol_issues]: The current configuration does not include the symbol library 'power'
    ; warning
    @(143.51 mm, 100.33 mm): Symbol #PWR105 [+3V3]
[lib_symbol_issues]: The current configuration does not include the symbol library '/usr/share/kicad/symbols/Device'
    ; warning
    @(143.51 mm, 104.14 mm): Symbol R12 [R]
[lib_symbol_issues]: The current configuration does not include the symbol library 'power'
    ; warning
    @(160.02 mm, 92.71 mm): Symbol #PWR102 [GND]
[lib_symbol_issues]: The current configuration does not include the symbol library 'power'
    ; warning
    @(160.02 mm, 95.25 mm): Symbol #PWR103 [+3V3]
[lib_symbol_issues]: The current configuration does not include the symbol library '/usr/share/kicad/symbols/Connector_Generic'
    ; warning
    @(165.10 mm, 95.25 mm): Symbol J3 [Conn_01x04]
[lib_symbol_issues]: The current configuration does not include the symbol library 'power'
    ; warning
    @(90.17 mm, 64.77 mm): Symbol #PWR052 [+3V3]
[lib_symbol_issues]: The current configuration does not include the symbol library 'power'
    ; warning
    @(81.28 mm, 77.47 mm): Symbol #PWR057 [+3V3]
[lib_symbol_issues]: The current configuration does not include the symbol library '/usr/share/kicad/symbols/Device'
    ; warning
    @(93.98 mm, 64.77 mm): Symbol R3 [R]
[lib_symbol_issues]: The current configuration does not include the symbol library '/usr/share/kicad/symbols/Memory_Flash'
    ; warning
    @(81.28 mm, 90.17 mm): Symbol U3 [W25Q32JVSS]
[lib_symbol_issues]: The current configuration does not include the symbol library 'power'
    ; warning
    @(81.28 mm, 102.87 mm): Symbol #PWR058 [GND]
[lib_symbol_issues]: The current configuration does not include the symbol library 'power'
    ; warning
    @(121.92 mm, 57.15 mm): Symbol #PWR024 [GND]
[lib_symbol_issues]: The current configuration does not include the symbol library 'power'
    ; warning
    @(134.62 mm, 41.91 mm): Symbol #PWR025 [+3V3]
[lib_symbol_issues]: The current configuration does not include the symbol library 'power'
    ; warning
    @(137.16 mm, 41.91 mm): Symbol #PWR026 [+3V3]
[lib_symbol_issues]: The current configuration does not include the symbol library '/usr/share/kicad/symbols/Connector_Generic'
    ; warning
    @(85.09 mm, 118.11 mm): Symbol J2 [Conn_01x04]
[lib_symbol_issues]: The current configuration does not include the symbol library 'power'
    ; warning
    @(90.17 mm, 115.57 mm): Symbol #PWR053 [GND]
[lib_symbol_issues]: The current configuration does not include the symbol library 'power'
    ; warning
    @(90.17 mm, 118.11 mm): Symbol #PWR054 [+3V3]
[lib_symbol_issues]: The current configuration does not include the symbol library 'power'
    ; warning
    @(144.78 mm, 41.91 mm): Symbol #PWR031 [+3V3]
[lib_symbol_issues]: The current configuration does not include the symbol library 'power'
    ; warning
    @(144.78 mm, 41.91 mm): Symbol #PWR028 [+3V3]
[lib_symbol_issues]: The current configuration does not include the symbol library 'power'
    ; warning
    @(144.78 mm, 41.91 mm): Symbol #PWR032 [+3V3]
[lib_symbol_issues]: The current configuration does not include the symbol library 'power'
    ; warning
    @(144.78 mm, 41.91 mm): Symbol #PWR030 [+3V3]
[lib_symbol_issues]: The current configuration does not include the symbol library 'power'
    ; warning
    @(144.78 mm, 41.91 mm): Symbol #PWR029 [+3V3]
[lib_symbol_issues]: The current configuration does not include the symbol library 'power'
    ; warning
    @(144.78 mm, 41.91 mm): Symbol #PWR027 [+3V3]
[lib_symbol_issues]: The current configuration does not include the symbol library 'power'
    ; warning
    @(149.86 mm, 41.91 mm): Symbol #PWR034 [+3V3]
[lib_symbol_issues]: The current configuration does not include the symbol library '/usr/share/kicad/symbols/MCU_RaspberryPi'
    ; warning
    @(147.32 mm, 87.63 mm): Symbol U2 [RP2040]
[lib_symbol_issues]: The current configuration does not include the symbol library 'power'
    ; warning
    @(111.76 mm, 160.02 mm): Symbol #PWR059 [+3V3]
[lib_symbol_issues]: The current configuration does not include the symbol library '/usr/share/kicad/symbols/Device'
    ; warning
    @(111.76 mm, 163.83 mm): Symbol C16 [C]
[lib_symbol_issues]: The current configuration does not include the symbol library 'power'
    ; warning
    @(147.32 mm, 133.35 mm): Symbol #PWR033 [GND]
[lib_symbol_issues]: The current configuration does not include the symbol library 'power'
    ; warning
    @(118.11 mm, 160.02 mm): Symbol #PWR042 [+3V3]
[lib_symbol_issues]: The current configuration does not include the symbol library 'power'
    ; warning
    @(111.76 mm, 167.64 mm): Symbol #PWR060 [GND]
[lib_symbol_issues]: The current configuration does not include the symbol library '/usr/share/kicad/symbols/Device'
    ; warning
    @(118.11 mm, 163.83 mm): Symbol C9 [C]
[lib_symbol_issues]: The current configuration does not include the symbol library 'power'
    ; warning
    @(124.46 mm, 160.02 mm): Symbol #PWR044 [+3V3]
[global_label_dangling]: Global label not connected anywhere else in the schematic
    ; warning
    @(144.78 mm, 144.78 mm): Global Label 'NEOPIXEL_DATA'
[lib_symbol_issues]: The current configuration does not include the symbol library 'power'
    ; warning
    @(118.11 mm, 167.64 mm): Symbol #PWR043 [GND]
[lib_symbol_issues]: The current configuration does not include the symbol library '/usr/share/kicad/symbols/Device'
    ; warning
    @(124.46 mm, 163.83 mm): Symbol C10 [C]
[lib_symbol_issues]: The current configuration does not include the symbol library 'power'
    ; warning
    @(132.08 mm, 160.02 mm): Symbol #PWR046 [+3V3]
[global_label_dangling]: Global label not connected anywhere else in the schematic
    ; warning
    @(144.78 mm, 149.86 mm): Global Label 'NC_GPIO2'
[lib_symbol_issues]: The current configuration does not include the symbol library 'power'
    ; warning
    @(124.46 mm, 167.64 mm): Symbol #PWR045 [GND]
[lib_symbol_issues]: The current configuration does not include the symbol library '/usr/share/kicad/symbols/Device'
    ; warning
    @(132.08 mm, 163.83 mm): Symbol C11 [C]
[lib_symbol_issues]: The current configuration does not include the symbol library 'power'
    ; warning
    @(138.43 mm, 160.02 mm): Symbol #PWR036 [+3V3]
[lib_symbol_issues]: The current configuration does not include the symbol library 'power'
    ; warning
    @(132.08 mm, 167.64 mm): Symbol #PWR047 [GND]
[lib_symbol_issues]: The current configuration does not include the symbol library '/usr/share/kicad/symbols/Device'
    ; warning
    @(138.43 mm, 163.83 mm): Symbol C6 [C]
[lib_symbol_issues]: The current configuration does not include the symbol library 'power'
    ; warning
    @(144.78 mm, 160.02 mm): Symbol #PWR038 [+3V3]
[lib_symbol_issues]: The current configuration does not include the symbol library 'power'
    ; warning
    @(138.43 mm, 167.64 mm): Symbol #PWR037 [GND]
[lib_symbol_issues]: The current configuration does not include the symbol library '/usr/share/kicad/symbols/Device'
    ; warning
    @(144.78 mm, 163.83 mm): Symbol C7 [C]
[global_label_dangling]: Global label not connected anywhere else in the schematic
    ; warning
    @(210.82 mm, 58.42 mm): Global Label 'NC_GPIO4'
[global_label_dangling]: Global label not connected anywhere else in the schematic
    ; warning
    @(210.82 mm, 63.50 mm): Global Label 'NC_GPIO5'
[lib_symbol_issues]: The current configuration does not include the symbol library 'power'
    ; warning
    @(144.78 mm, 167.64 mm): Symbol #PWR039 [GND]
[lib_symbol_issues]: The current configuration does not include the symbol library '/usr/share/kicad/symbols/Device'
    ; warning
    @(151.13 mm, 162.56 mm): Symbol C14 [C]
[global_label_dangling]: Global label not connected anywhere else in the schematic
    ; warning
    @(210.82 mm, 71.12 mm): Global Label 'NC_GPIO13'
[lib_symbol_issues]: The current configuration does not include the symbol library '/usr/share/kicad/symbols/Device'
    ; warning
    @(167.64 mm, 147.32 mm): Symbol Y1 [Crystal]
[global_label_dangling]: Global label not connected anywhere else in the schematic
    ; warning
    @(210.82 mm, 76.20 mm): Global Label 'NC_GPIO14'
[lib_symbol_issues]: The current configuration does not include the symbol library 'power'
    ; warning
    @(151.13 mm, 166.37 mm): Symbol #PWR055 [GND]
[global_label_dangling]: Global label not connected anywhere else in the schematic
    ; warning
    @(210.82 mm, 81.28 mm): Global Label 'NC_GPIO15'
[lib_symbol_issues]: The current configuration does not include the symbol library '/usr/share/kicad/symbols/Device'
    ; warning
    @(157.48 mm, 163.83 mm): Symbol C5 [C]
[global_label_dangling]: Global label not connected anywhere else in the schematic
    ; warning
    @(210.82 mm, 86.36 mm): Global Label 'NC_GPIO16'
[lib_symbol_issues]: The current configuration does not include the symbol library 'power'
    ; warning
    @(163.83 mm, 160.02 mm): Symbol #PWR050 [+3V3]
[global_label_dangling]: Global label not connected anywhere else in the schematic
    ; warning
    @(210.82 mm, 91.44 mm): Global Label 'NC_GPIO17'
[lib_symbol_issues]: The current configuration does not include the symbol library 'power'
    ; warning
    @(157.48 mm, 167.64 mm): Symbol #PWR035 [GND]
[lib_symbol_issues]: The current configuration does not include the symbol library '/usr/share/kicad/symbols/Device'
    ; warning
    @(163.83 mm, 163.83 mm): Symbol C13 [C]
[global_label_dangling]: Global label not connected anywhere else in the schematic
    ; warning
    @(210.82 mm, 96.52 mm): Global Label 'NC_GPIO18'
[global_label_dangling]: Global label not connected anywhere else in the schematic
    ; warning
    @(210.82 mm, 101.60 mm): Global Label 'NC_GPIO22'
[lib_symbol_issues]: The current configuration does not include the symbol library 'power'
    ; warning
    @(163.83 mm, 167.64 mm): Symbol #PWR051 [GND]
[lib_symbol_issues]: The current configuration does not include the symbol library 'power'
    ; warning
    @(170.18 mm, 161.29 mm): Symbol #PWR048 [+3V3]
[global_label_dangling]: Global label not connected anywhere else in the schematic
    ; warning
    @(210.82 mm, 106.68 mm): Global Label 'NC_GPIO23'
[lib_symbol_issues]: The current configuration does not include the symbol library '/usr/share/kicad/symbols/Device'
    ; warning
    @(170.18 mm, 165.10 mm): Symbol C12 [C]
[global_label_dangling]: Global label not connected anywhere else in the schematic
    ; warning
    @(210.82 mm, 111.76 mm): Global Label 'NC_GPIO24'
[lib_symbol_issues]: The current configuration does not include the symbol library 'power'
    ; warning
    @(170.18 mm, 168.91 mm): Symbol #PWR049 [GND]
[lib_symbol_issues]: The current configuration does not include the symbol library 'power'
    ; warning
    @(177.80 mm, 161.29 mm): Symbol #PWR040 [+3V3]
[global_label_dangling]: Global label not connected anywhere else in the schematic
    ; warning
    @(210.82 mm, 116.84 mm): Global Label 'NC_GPIO25'
[lib_symbol_issues]: The current configuration does not include the symbol library '/usr/share/kicad/symbols/Device'
    ; warning
    @(177.80 mm, 165.10 mm): Symbol C8 [C]
[global_label_dangling]: Global label not connected anywhere else in the schematic
    ; warning
    @(210.82 mm, 121.92 mm): Global Label 'NC_GPIO26'
[lib_symbol_issues]: The current configuration does not include the symbol library 'power'
    ; warning
    @(177.80 mm, 168.91 mm): Symbol #PWR041 [GND]
[global_label_dangling]: Global label not connected anywhere else in the schematic
    ; warning
    @(210.82 mm, 127.00 mm): Global Label 'NC_GPIO27'
[lib_symbol_issues]: The current configuration does not include the symbol library '/usr/share/kicad/symbols/Device'
    ; warning
    @(184.15 mm, 163.83 mm): Symbol C15 [C]
[global_label_dangling]: Global label not connected anywhere else in the schematic
    ; warning
    @(210.82 mm, 132.08 mm): Global Label 'NC_GPIO28'
[lib_symbol_issues]: The current configuration does not include the symbol library 'power'
    ; warning
    @(184.15 mm, 167.64 mm): Symbol #PWR056 [GND]
[global_label_dangling]: Global label not connected anywhere else in the schematic
    ; warning
    @(210.82 mm, 137.16 mm): Global Label 'NC_GPIO29'
[lib_symbol_issues]: The current configuration does not include the symbol library '/usr/share/kicad/symbols/Switch'
    ; warning
    @(207.01 mm, 34.29 mm): Symbol SW4 [SW_Push]
[lib_symbol_issues]: The current configuration does not include the symbol library '/usr/share/kicad/symbols/Diode'
    ; warning
    @(208.28 mm, 41.91 mm): Symbol D4 [1N4148W]
[lib_symbol_issues]: The current configuration does not include the symbol library '/usr/share/kicad/symbols/Switch'
    ; warning
    @(207.01 mm, 52.07 mm): Symbol SW3 [SW_Push]
[lib_symbol_issues]: The current configuration does not include the symbol library '/usr/share/kicad/symbols/Diode'
    ; warning
    @(208.28 mm, 59.69 mm): Symbol D3 [1N4148W]
[lib_symbol_issues]: The current configuration does not include the symbol library '/usr/share/kicad/symbols/Switch'
    ; warning
    @(205.74 mm, 71.12 mm): Symbol SW11 [SW_Push]
[lib_symbol_issues]: The current configuration does not include the symbol library '/usr/share/kicad/symbols/Diode'
    ; warning
    @(207.01 mm, 77.47 mm): Symbol D11 [1N4148W]
[lib_symbol_issues]: The current configuration does not include the symbol library '/usr/share/kicad/symbols/Switch'
    ; warning
    @(207.01 mm, 87.63 mm): Symbol SW5 [SW_Push]
[lib_symbol_issues]: The current configuration does not include the symbol library '/usr/share/kicad/symbols/Diode'
    ; warning
    @(208.28 mm, 93.98 mm): Symbol D5 [1N4148W]
[lib_symbol_issues]: The current configuration does not include the symbol library '/usr/share/kicad/symbols/Switch'
    ; warning
    @(207.01 mm, 104.14 mm): Symbol SW10 [SW_Push]
[lib_symbol_issues]: The current configuration does not include the symbol library '/usr/share/kicad/symbols/Diode'
    ; warning
    @(208.28 mm, 110.49 mm): Symbol D10 [1N4148W]
[lib_symbol_issues]: The current configuration does not include the symbol library '/usr/share/kicad/symbols/Switch'
    ; warning
    @(207.01 mm, 121.92 mm): Symbol SW8 [SW_Push]
[lib_symbol_issues]: The current configuration does not include the symbol library '/usr/share/kicad/symbols/Diode'
    ; warning
    @(208.28 mm, 129.54 mm): Symbol D8 [1N4148W]
[lib_symbol_issues]: The current configuration does not include the symbol library '/usr/share/kicad/symbols/Switch'
    ; warning
    @(205.74 mm, 139.70 mm): Symbol SW12 [SW_Push]
[lib_symbol_issues]: The current configuration does not include the symbol library '/usr/share/kicad/symbols/Diode'
    ; warning
    @(207.01 mm, 146.05 mm): Symbol D12 [1N4148W]
[lib_symbol_issues]: The current configuration does not include the symbol library '/usr/share/kicad/symbols/Switch'
    ; warning
    @(207.01 mm, 157.48 mm): Symbol SW2 [SW_Push]
[lib_symbol_issues]: The current configuration does not include the symbol library '/usr/share/kicad/symbols/Diode'
    ; warning
    @(208.28 mm, 163.83 mm): Symbol D2 [1N4148W]
[lib_symbol_issues]: The current configuration does not include the symbol library '/usr/share/kicad/symbols/Switch'
    ; warning
    @(207.01 mm, 173.99 mm): Symbol SW9 [SW_Push]
[lib_symbol_issues]: The current configuration does not include the symbol library '/usr/share/kicad/symbols/Diode'
    ; warning
    @(208.28 mm, 180.34 mm): Symbol D9 [1N4148W]
[lib_symbol_issues]: The current configuration does not include the symbol library '/usr/share/kicad/symbols/Switch'
    ; warning
    @(207.01 mm, 191.77 mm): Symbol SW1 [SW_Push]
[lib_symbol_issues]: The current configuration does not include the symbol library '/usr/share/kicad/symbols/Diode'
    ; warning
    @(208.28 mm, 198.12 mm): Symbol D1 [1N4148W]
[lib_symbol_issues]: The current configuration does not include the symbol library '/usr/share/kicad/symbols/Switch'
    ; warning
    @(207.01 mm, 208.28 mm): Symbol SW7 [SW_Push]
[lib_symbol_issues]: The current configuration does not include the symbol library '/usr/share/kicad/symbols/Diode'
    ; warning
    @(208.28 mm, 214.63 mm): Symbol D7 [1N4148W]
[lib_symbol_issues]: The current configuration does not include the symbol library '/usr/share/kicad/symbols/Switch'
    ; warning
    @(207.01 mm, 224.79 mm): Symbol SW6 [SW_Push]
[lib_symbol_issues]: The current configuration does not include the symbol library '/usr/share/kicad/symbols/Diode'
    ; warning
    @(208.28 mm, 231.14 mm): Symbol D6 [1N4148W]
[lib_symbol_issues]: The current configuration does not include the symbol library 'power'
    ; warning
    @(196.85 mm, 246.38 mm): Symbol #PWR061 [+3V3]
[lib_symbol_issues]: The current configuration does not include the symbol library '/usr/share/kicad/symbols/Device'
    ; warning
    @(196.85 mm, 250.19 mm): Symbol R4 [R]
[lib_symbol_issues]: The current configuration does not include the symbol library 'power'
    ; warning
    @(201.93 mm, 246.38 mm): Symbol #PWR062 [+3V3]
[lib_symbol_issues]: The current configuration does not include the symbol library '/usr/share/kicad/symbols/Device'
    ; warning
    @(201.93 mm, 250.19 mm): Symbol R5 [R]
[lib_symbol_issues]: The current configuration does not include the symbol library 'power'
    ; warning
    @(208.28 mm, 246.38 mm): Symbol #PWR063 [+3V3]
[lib_symbol_issues]: The current configuration does not include the symbol library '/usr/share/kicad/symbols/Device'
    ; warning
    @(208.28 mm, 250.19 mm): Symbol R6 [R]
[lib_symbol_issues]: The current configuration does not include the symbol library 'power'
    ; warning
    @(213.36 mm, 246.38 mm): Symbol #PWR064 [+3V3]
[lib_symbol_issues]: The current configuration does not include the symbol library '/usr/share/kicad/symbols/Device'
    ; warning
    @(213.36 mm, 250.19 mm): Symbol R7 [R]
[lib_symbol_issues]: The current configuration does not include the symbol library 'power'
    ; warning
    @(123.19 mm, 76.20 mm): Symbol #PWR020 [+3V3]
[lib_symbol_issues]: The current configuration does not include the symbol library '/usr/share/kicad/symbols/Device'
    ; warning
    @(123.19 mm, 80.01 mm): Symbol C3 [C]
[lib_symbol_issues]: The current configuration does not include the symbol library 'power'
    ; warning
    @(123.19 mm, 83.82 mm): Symbol #PWR021 [GND]
[lib_symbol_issues]: The current configuration does not include the symbol library 'power'
    ; warning
    @(129.54 mm, 76.20 mm): Symbol #PWR012 [VBUS]
[lib_symbol_issues]: The current configuration does not include the symbol library '/usr/share/kicad/symbols/Device'
    ; warning
    @(129.54 mm, 80.01 mm): Symbol C1 [C]
[lib_symbol_issues]: The current configuration does not include the symbol library 'power'
    ; warning
    @(129.54 mm, 83.82 mm): Symbol #PWR013 [GND]
[lib_symbol_issues]: The current configuration does not include the symbol library 'power'
    ; warning
    @(135.89 mm, 76.20 mm): Symbol #PWR018 [VBUS]
[lib_symbol_issues]: The current configuration does not include the symbol library '/usr/share/kicad/symbols/Device'
    ; warning
    @(135.89 mm, 80.01 mm): Symbol C2 [C]
[lib_symbol_issues]: The current configuration does not include the symbol library 'power'
    ; warning
    @(135.89 mm, 83.82 mm): Symbol #PWR019 [GND]
[lib_symbol_issues]: The current configuration does not include the symbol library 'power'
    ; warning
    @(142.24 mm, 76.20 mm): Symbol #PWR022 [+3V3]
[lib_symbol_issues]: The current configuration does not include the symbol library '/usr/share/kicad/symbols/Device'
    ; warning
    @(142.24 mm, 80.01 mm): Symbol C4 [C]
[lib_symbol_issues]: The current configuration does not include the symbol library 'power'
    ; warning
    @(142.24 mm, 83.82 mm): Symbol #PWR023 [GND]
[lib_symbol_issues]: The current configuration does not include the symbol library 'power'
    ; warning
    @(153.67 mm, 68.58 mm): Symbol #PWR014 [VBUS]
[lib_symbol_issues]: The current configuration does not include the symbol library 'power'
    ; warning
    @(153.67 mm, 71.12 mm): Symbol #PWR015 [VBUS]
[lib_symbol_issues]: The current configuration does not include the symbol library '/usr/share/kicad/symbols/Regulator_Linear'
    ; warning
    @(161.29 mm, 71.12 mm): Symbol U1 [AP2112K-3.3]
[lib_symbol_issues]: The current configuration does not include the symbol library '/usr/share/kicad/symbols/Connector'
    ; warning
    @(132.08 mm, 116.84 mm): Symbol J1 [USB_C_Receptacle_USB2.0_14P]
[lib_symbol_issues]: The current configuration does not include the symbol library 'power'
    ; warning
    @(147.32 mm, 101.60 mm): Symbol #PWR006 [VBUS]
[lib_symbol_issues]: The current configuration does not include the symbol library 'power'
    ; warning
    @(147.32 mm, 101.60 mm): Symbol #PWR009 [VBUS]
[lib_symbol_issues]: The current configuration does not include the symbol library 'power'
    ; warning
    @(147.32 mm, 101.60 mm): Symbol #PWR008 [VBUS]
[lib_symbol_issues]: The current configuration does not include the symbol library 'power'
    ; warning
    @(147.32 mm, 101.60 mm): Symbol #PWR007 [VBUS]
[lib_symbol_issues]: The current configuration does not include the symbol library 'power'
    ; warning
    @(161.29 mm, 78.74 mm): Symbol #PWR016 [GND]
[lib_symbol_issues]: The current configuration does not include the symbol library 'power'
    ; warning
    @(168.91 mm, 68.58 mm): Symbol #PWR017 [+3V3]
[lib_symbol_issues]: The current configuration does not include the symbol library 'power'
    ; warning
    @(124.46 mm, 139.70 mm): Symbol #PWR001 [GND]
[lib_symbol_issues]: The current configuration does not include the symbol library 'power'
    ; warning
    @(132.08 mm, 139.70 mm): Symbol #PWR003 [GND]
[lib_symbol_issues]: The current configuration does not include the symbol library 'power'
    ; warning
    @(132.08 mm, 139.70 mm): Symbol #PWR005 [GND]
[lib_symbol_issues]: The current configuration does not include the symbol library 'power'
    ; warning
    @(132.08 mm, 139.70 mm): Symbol #PWR004 [GND]
[lib_symbol_issues]: The current configuration does not include the symbol library 'power'
    ; warning
    @(132.08 mm, 139.70 mm): Symbol #PWR002 [GND]
[endpoint_off_grid]: Symbol pin or wire end off connection grid
    ; warning
    @(161.54 mm, 107.95 mm): Horizontal Wire, length 6.10 mm
[endpoint_off_grid]: Symbol pin or wire end off connection grid
    ; warning
    @(147.32 mm, 109.22 mm): Horizontal Wire, length 14.22 mm
[endpoint_off_grid]: Symbol pin or wire end off connection grid
    ; warning
    @(161.54 mm, 109.22 mm): Vertical Wire, length 1.27 mm
[lib_symbol_issues]: The current configuration does not include the symbol library '/usr/share/kicad/symbols/Device'
    ; warning
    @(162.56 mm, 113.03 mm): Symbol R1 [R]
[lib_symbol_issues]: The current configuration does not include the symbol library 'power'
    ; warning
    @(162.56 mm, 116.84 mm): Symbol #PWR010 [GND]
[lib_symbol_issues]: The current configuration does not include the symbol library '/usr/share/kicad/symbols/Device'
    ; warning
    @(167.64 mm, 115.57 mm): Symbol R2 [R]
[lib_symbol_issues]: The current configuration does not include the symbol library 'power'
    ; warning
    @(167.64 mm, 119.38 mm): Symbol #PWR011 [GND]

***** Sheet /rotary_encoder1/

***** Sheet /neopixel_chain1/

***** Sheet /oled_display1/

***** Sheet /rp2040_core1/

***** Sheet /key_matrix1/

***** Sheet /usb_power1/
[power_pin_not_driven]: Input Power pin not driven by any Output Power pins
    ; error
    @(147.32 mm, 101.60 mm): Symbol #PWR006 Pin 1 [Power input, Line]
[power_pin_not_driven]: Input Power pin not driven by any Output Power pins
    ; error
    @(124.46 mm, 139.70 mm): Symbol #PWR001 Pin 1 [Power input, Line]

 ** ERC messages: 211  Errors 2  Warnings 209
