ERC report (2026-06-10T08:40:03+1000, Encoding UTF8)
Report includes: Errors, Warnings, Exclusions

***** Sheet /
[lib_symbol_issues]: The current configuration does not include the symbol library 'power'
    ; warning
    @(114.30 mm, 83.82 mm): Symbol #PWR117 [+3V3]
[lib_symbol_issues]: The current configuration does not include the symbol library '/usr/share/kicad/symbols/Device'
    ; warning
    @(114.30 mm, 87.63 mm): Symbol C22 [C]
[lib_symbol_issues]: The current configuration does not include the symbol library 'power'
    ; warning
    @(114.30 mm, 91.44 mm): Symbol #PWR118 [GND]
[lib_symbol_issues]: The current configuration does not include the symbol library 'power'
    ; warning
    @(127.00 mm, 83.82 mm): Symbol #PWR115 [+3V3]
[lib_symbol_issues]: The current configuration does not include the symbol library '/usr/share/kicad/symbols/Device'
    ; warning
    @(120.65 mm, 95.25 mm): Symbol C20 [C]
[lib_symbol_issues]: The current configuration does not include the symbol library '/usr/share/kicad/symbols/Device'
    ; warning
    @(127.00 mm, 87.63 mm): Symbol C21 [C]
[lib_symbol_issues]: The current configuration does not include the symbol library 'power'
    ; warning
    @(120.65 mm, 99.06 mm): Symbol #PWR114 [GND]
[lib_symbol_issues]: The current configuration does not include the symbol library 'power'
    ; warning
    @(127.00 mm, 91.44 mm): Symbol #PWR116 [GND]
[global_label_dangling]: Global label not connected anywhere else in the schematic
    ; warning
    @(135.89 mm, 102.87 mm): Global Label 'SPK_PWM1'
[lib_symbol_issues]: The current configuration does not include the symbol library '/usr/share/kicad/symbols/Device'
    ; warning
    @(135.89 mm, 114.30 mm): Symbol R7 [R]
[lib_symbol_issues]: The current configuration does not include the symbol library '/usr/share/kicad/symbols/Device'
    ; warning
    @(146.05 mm, 121.92 mm): Symbol LS1 [Speaker]
[lib_symbol_issues]: The current configuration does not include the symbol library 'power'
    ; warning
    @(172.72 mm, 106.68 mm): Symbol #PWR109 [+3V3]
[lib_symbol_issues]: The current configuration does not include the symbol library 'power'
    ; warning
    @(172.72 mm, 111.76 mm): Symbol #PWR110 [GND]
[lib_symbol_issues]: The current configuration does not include the symbol library 'power'
    ; warning
    @(172.72 mm, 114.30 mm): Symbol #PWR111 [+3V3]
[lib_symbol_issues]: The current configuration does not include the symbol library 'power'
    ; warning
    @(172.72 mm, 119.38 mm): Symbol #PWR112 [GND]
[lib_symbol_issues]: The current configuration does not include the symbol library 'power'
    ; warning
    @(172.72 mm, 121.92 mm): Symbol #PWR113 [GND]
[lib_symbol_issues]: The current configuration does not include the symbol library 'skidl_lib'
    ; warning
    @(175.26 mm, 125.73 mm): Symbol U18 [PAM8302A]
[global_label_dangling]: Global label not connected anywhere else in the schematic
    ; warning
    @(133.35 mm, 82.55 mm): Global Label 'SBU1_NC'
[lib_symbol_issues]: The current configuration does not include the symbol library '/usr/share/kicad/symbols/Device'
    ; warning
    @(142.24 mm, 82.55 mm): Symbol R1 [R]
[lib_symbol_issues]: The current configuration does not include the symbol library 'power'
    ; warning
    @(142.24 mm, 86.36 mm): Symbol #PWR010 [GND]
[global_label_dangling]: Global label not connected anywhere else in the schematic
    ; warning
    @(133.35 mm, 104.14 mm): Global Label 'SBU2_NC'
[lib_symbol_issues]: The current configuration does not include the symbol library '/usr/share/kicad/symbols/Device'
    ; warning
    @(142.24 mm, 102.87 mm): Symbol R2 [R]
[lib_symbol_issues]: The current configuration does not include the symbol library 'power'
    ; warning
    @(161.29 mm, 71.12 mm): Symbol #PWR001 [GND]
[lib_symbol_issues]: The current configuration does not include the symbol library 'power'
    ; warning
    @(161.29 mm, 73.66 mm): Symbol #PWR002 [+5V]
[lib_symbol_issues]: The current configuration does not include the symbol library 'power'
    ; warning
    @(142.24 mm, 106.68 mm): Symbol #PWR011 [GND]
[lib_symbol_issues]: The current configuration does not include the symbol library 'power'
    ; warning
    @(130.81 mm, 125.73 mm): Symbol #PWR016 [+5V]
[lib_symbol_issues]: The current configuration does not include the symbol library 'power'
    ; warning
    @(161.29 mm, 86.36 mm): Symbol #PWR003 [+5V]
[lib_symbol_issues]: The current configuration does not include the symbol library '/usr/share/kicad/symbols/Device'
    ; warning
    @(130.81 mm, 129.54 mm): Symbol C1 [C]
[lib_symbol_issues]: The current configuration does not include the symbol library 'power'
    ; warning
    @(161.29 mm, 88.90 mm): Symbol #PWR004 [GND]
[lib_symbol_issues]: The current configuration does not include the symbol library 'power'
    ; warning
    @(161.29 mm, 91.44 mm): Symbol #PWR005 [GND]
[lib_symbol_issues]: The current configuration does not include the symbol library 'power'
    ; warning
    @(161.29 mm, 93.98 mm): Symbol #PWR006 [+5V]
[lib_symbol_issues]: The current configuration does not include the symbol library 'power'
    ; warning
    @(130.81 mm, 133.35 mm): Symbol #PWR017 [GND]
[lib_symbol_issues]: The current configuration does not include the symbol library 'power'
    ; warning
    @(137.16 mm, 127.00 mm): Symbol #PWR018 [+3V3]
[lib_symbol_issues]: The current configuration does not include the symbol library '/usr/share/kicad/symbols/Device'
    ; warning
    @(137.16 mm, 130.81 mm): Symbol C2 [C]
[lib_symbol_issues]: The current configuration does not include the symbol library 'power'
    ; warning
    @(143.51 mm, 127.00 mm): Symbol #PWR020 [+3V3]
[lib_symbol_issues]: The current configuration does not include the symbol library 'power'
    ; warning
    @(137.16 mm, 134.62 mm): Symbol #PWR019 [GND]
[lib_symbol_issues]: The current configuration does not include the symbol library 'power'
    ; warning
    @(161.29 mm, 106.68 mm): Symbol #PWR007 [+5V]
[lib_symbol_issues]: The current configuration does not include the symbol library '/usr/share/kicad/symbols/Device'
    ; warning
    @(143.51 mm, 130.81 mm): Symbol C3 [C]
[lib_symbol_issues]: The current configuration does not include the symbol library 'power'
    ; warning
    @(161.29 mm, 109.22 mm): Symbol #PWR008 [GND]
[lib_symbol_issues]: The current configuration does not include the symbol library 'power'
    ; warning
    @(154.94 mm, 119.38 mm): Symbol #PWR012 [+5V]
[lib_symbol_issues]: The current configuration does not include the symbol library 'power'
    ; warning
    @(161.29 mm, 111.76 mm): Symbol #PWR009 [GND]
[lib_symbol_issues]: The current configuration does not include the symbol library 'power'
    ; warning
    @(143.51 mm, 134.62 mm): Symbol #PWR021 [GND]
[lib_symbol_issues]: The current configuration does not include the symbol library 'power'
    ; warning
    @(154.94 mm, 121.92 mm): Symbol #PWR013 [GND]
[lib_symbol_issues]: The current configuration does not include the symbol library 'power'
    ; warning
    @(154.94 mm, 124.46 mm): Symbol #PWR014 [+5V]
[lib_symbol_issues]: The current configuration does not include the symbol library 'skidl_lib'
    ; warning
    @(163.83 mm, 113.03 mm): Symbol U1 [USB_C_Receptacle]
[lib_symbol_issues]: The current configuration does not include the symbol library 'power'
    ; warning
    @(154.94 mm, 129.54 mm): Symbol #PWR015 [+3V3]
[lib_symbol_issues]: The current configuration does not include the symbol library 'skidl_lib'
    ; warning
    @(157.48 mm, 130.81 mm): Symbol U2 [AP2112K-3.3]
[lib_symbol_issues]: The current configuration does not include the symbol library 'skidl_lib'
    ; warning
    @(96.52 mm, 88.90 mm): Symbol U11 [WS2812B]
[lib_symbol_issues]: The current configuration does not include the symbol library 'power'
    ; warning
    @(100.33 mm, 91.44 mm): Symbol #PWR083 [GND]
[lib_symbol_issues]: The current configuration does not include the symbol library 'power'
    ; warning
    @(105.41 mm, 91.44 mm): Symbol #PWR082 [+5V]
[lib_symbol_issues]: The current configuration does not include the symbol library 'power'
    ; warning
    @(106.68 mm, 101.60 mm): Symbol #PWR080 [+5V]
[lib_symbol_issues]: The current configuration does not include the symbol library 'power'
    ; warning
    @(106.68 mm, 106.68 mm): Symbol #PWR081 [GND]
[lib_symbol_issues]: The current configuration does not include the symbol library 'skidl_lib'
    ; warning
    @(109.22 mm, 110.49 mm): Symbol U10 [WS2812B]
[lib_symbol_issues]: The current configuration does not include the symbol library 'power'
    ; warning
    @(106.68 mm, 114.30 mm): Symbol #PWR078 [+5V]
[lib_symbol_issues]: The current configuration does not include the symbol library 'power'
    ; warning
    @(106.68 mm, 119.38 mm): Symbol #PWR079 [GND]
[lib_symbol_issues]: The current configuration does not include the symbol library 'skidl_lib'
    ; warning
    @(109.22 mm, 123.19 mm): Symbol U9 [WS2812B]
[lib_symbol_issues]: The current configuration does not include the symbol library 'power'
    ; warning
    @(105.41 mm, 127.00 mm): Symbol #PWR076 [+5V]
[lib_symbol_issues]: The current configuration does not include the symbol library 'power'
    ; warning
    @(105.41 mm, 132.08 mm): Symbol #PWR077 [GND]
[lib_symbol_issues]: The current configuration does not include the symbol library 'skidl_lib'
    ; warning
    @(107.95 mm, 135.89 mm): Symbol U8 [WS2812B]
[global_label_dangling]: Global label not connected anywhere else in the schematic
    ; warning
    @(153.67 mm, 91.44 mm): Global Label 'NEO_NC_11'
[global_label_dangling]: Global label not connected anywhere else in the schematic
    ; warning
    @(176.53 mm, 50.80 mm): Global Label 'NEO_CHAIN_6'
[global_label_dangling]: Global label not connected anywhere else in the schematic
    ; warning
    @(176.53 mm, 55.88 mm): Global Label 'NEO_CHAIN_2'
[lib_symbol_issues]: The current configuration does not include the symbol library 'skidl_lib'
    ; warning
    @(148.59 mm, 113.03 mm): Symbol U7 [WS2812B]
[global_label_dangling]: Global label not connected anywhere else in the schematic
    ; warning
    @(176.53 mm, 60.96 mm): Global Label 'NEO_CHAIN_10'
[lib_symbol_issues]: The current configuration does not include the symbol library 'power'
    ; warning
    @(173.99 mm, 69.85 mm): Symbol #PWR098 [+5V]
[lib_symbol_issues]: The current configuration does not include the symbol library 'power'
    ; warning
    @(166.37 mm, 88.90 mm): Symbol #PWR092 [+5V]
[lib_symbol_issues]: The current configuration does not include the symbol library '/usr/share/kicad/symbols/Device'
    ; warning
    @(173.99 mm, 73.66 mm): Symbol C18 [C]
[lib_symbol_issues]: The current configuration does not include the symbol library 'power'
    ; warning
    @(173.99 mm, 77.47 mm): Symbol #PWR099 [GND]
[lib_symbol_issues]: The current configuration does not include the symbol library 'power'
    ; warning
    @(166.37 mm, 93.98 mm): Symbol #PWR093 [GND]
[lib_symbol_issues]: The current configuration does not include the symbol library 'power'
    ; warning
    @(152.40 mm, 115.57 mm): Symbol #PWR075 [GND]
[lib_symbol_issues]: The current configuration does not include the symbol library 'power'
    ; warning
    @(180.34 mm, 69.85 mm): Symbol #PWR094 [+5V]
[lib_symbol_issues]: The current configuration does not include the symbol library '/usr/share/kicad/symbols/Device'
    ; warning
    @(180.34 mm, 73.66 mm): Symbol C16 [C]
[lib_symbol_issues]: The current configuration does not include the symbol library 'skidl_lib'
    ; warning
    @(168.91 mm, 97.79 mm): Symbol U16 [WS2812B]
[lib_symbol_issues]: The current configuration does not include the symbol library 'power'
    ; warning
    @(157.48 mm, 115.57 mm): Symbol #PWR074 [+5V]
[lib_symbol_issues]: The current configuration does not include the symbol library 'power'
    ; warning
    @(180.34 mm, 77.47 mm): Symbol #PWR095 [GND]
[lib_symbol_issues]: The current configuration does not include the symbol library 'power'
    ; warning
    @(187.96 mm, 66.04 mm): Symbol #PWR096 [+5V]
[lib_symbol_issues]: The current configuration does not include the symbol library '/usr/share/kicad/symbols/Device'
    ; warning
    @(187.96 mm, 69.85 mm): Symbol C17 [C]
[lib_symbol_issues]: The current configuration does not include the symbol library 'power'
    ; warning
    @(187.96 mm, 73.66 mm): Symbol #PWR097 [GND]
[lib_symbol_issues]: The current configuration does not include the symbol library 'power'
    ; warning
    @(158.75 mm, 125.73 mm): Symbol #PWR072 [+5V]
[global_label_dangling]: Global label not connected anywhere else in the schematic
    ; warning
    @(144.78 mm, 146.05 mm): Global Label 'NEOPIXEL_DATA1'
[lib_symbol_issues]: The current configuration does not include the symbol library 'power'
    ; warning
    @(158.75 mm, 130.81 mm): Symbol #PWR073 [GND]
[lib_symbol_issues]: The current configuration does not include the symbol library 'skidl_lib'
    ; warning
    @(161.29 mm, 134.62 mm): Symbol U6 [WS2812B]
[lib_symbol_issues]: The current configuration does not include the symbol library 'power'
    ; warning
    @(158.75 mm, 138.43 mm): Symbol #PWR070 [+5V]
[lib_symbol_issues]: The current configuration does not include the symbol library 'power'
    ; warning
    @(158.75 mm, 143.51 mm): Symbol #PWR071 [GND]
[lib_symbol_issues]: The current configuration does not include the symbol library 'skidl_lib'
    ; warning
    @(161.29 mm, 147.32 mm): Symbol U5 [WS2812B]
[lib_symbol_issues]: The current configuration does not include the symbol library 'skidl_lib'
    ; warning
    @(196.85 mm, 113.03 mm): Symbol U15 [WS2812B]
[lib_symbol_issues]: The current configuration does not include the symbol library 'power'
    ; warning
    @(200.66 mm, 115.57 mm): Symbol #PWR091 [GND]
[lib_symbol_issues]: The current configuration does not include the symbol library 'power'
    ; warning
    @(205.74 mm, 115.57 mm): Symbol #PWR090 [+5V]
[lib_symbol_issues]: The current configuration does not include the symbol library 'power'
    ; warning
    @(207.01 mm, 125.73 mm): Symbol #PWR088 [+5V]
[lib_symbol_issues]: The current configuration does not include the symbol library 'power'
    ; warning
    @(207.01 mm, 130.81 mm): Symbol #PWR089 [GND]
[lib_symbol_issues]: The current configuration does not include the symbol library 'power'
    ; warning
    @(207.01 mm, 138.43 mm): Symbol #PWR086 [+5V]
[lib_symbol_issues]: The current configuration does not include the symbol library 'skidl_lib'
    ; warning
    @(209.55 mm, 134.62 mm): Symbol U14 [WS2812B]
[lib_symbol_issues]: The current configuration does not include the symbol library 'power'
    ; warning
    @(207.01 mm, 143.51 mm): Symbol #PWR087 [GND]
[lib_symbol_issues]: The current configuration does not include the symbol library 'power'
    ; warning
    @(205.74 mm, 151.13 mm): Symbol #PWR084 [+5V]
[lib_symbol_issues]: The current configuration does not include the symbol library 'skidl_lib'
    ; warning
    @(209.55 mm, 147.32 mm): Symbol U13 [WS2812B]
[lib_symbol_issues]: The current configuration does not include the symbol library 'power'
    ; warning
    @(205.74 mm, 156.21 mm): Symbol #PWR085 [GND]
[lib_symbol_issues]: The current configuration does not include the symbol library 'skidl_lib'
    ; warning
    @(208.28 mm, 160.02 mm): Symbol U12 [WS2812B]
[lib_symbol_issues]: The current configuration does not include the symbol library 'power'
    ; warning
    @(125.73 mm, 101.60 mm): Symbol #PWR103 [+3V3]
[lib_symbol_issues]: The current configuration does not include the symbol library 'power'
    ; warning
    @(130.81 mm, 96.52 mm): Symbol #PWR102 [+3V3]
[lib_symbol_issues]: The current configuration does not include the symbol library '/usr/share/kicad/symbols/Device'
    ; warning
    @(125.73 mm, 105.41 mm): Symbol R5 [R]
[lib_symbol_issues]: The current configuration does not include the symbol library '/usr/share/kicad/symbols/Device'
    ; warning
    @(130.81 mm, 100.33 mm): Symbol R4 [R]
[unconnected_wire_endpoint]: Unconnected wire endpoint
    ; warning
    @(127.00 mm, 114.30 mm): Horizontal Wire, length 2.54 mm
[unconnected_wire_endpoint]: Unconnected wire endpoint
    ; warning
    @(142.24 mm, 106.68 mm): Horizontal Wire, length 5.08 mm
[unconnected_wire_endpoint]: Unconnected wire endpoint
    ; warning
    @(124.46 mm, 119.38 mm): Horizontal Wire, length 2.54 mm
[unconnected_wire_endpoint]: Unconnected wire endpoint
    ; warning
    @(142.24 mm, 111.76 mm): Horizontal Wire, length 5.08 mm
[lib_symbol_issues]: The current configuration does not include the symbol library 'power'
    ; warning
    @(142.24 mm, 109.22 mm): Symbol #PWR100 [GND]
[lib_symbol_issues]: The current configuration does not include the symbol library '/usr/share/kicad/symbols/Device'
    ; warning
    @(149.86 mm, 109.22 mm): Symbol SW13 [RotaryEncoder_Switch]
[lib_symbol_issues]: The current configuration does not include the symbol library 'power'
    ; warning
    @(157.48 mm, 111.76 mm): Symbol #PWR101 [GND]
[lib_symbol_issues]: The current configuration does not include the symbol library 'power'
    ; warning
    @(167.64 mm, 96.52 mm): Symbol #PWR104 [+3V3]
[unconnected_wire_endpoint]: Unconnected wire endpoint
    ; warning
    @(157.48 mm, 106.68 mm): Horizontal Wire, length 5.08 mm
[lib_symbol_issues]: The current configuration does not include the symbol library '/usr/share/kicad/symbols/Device'
    ; warning
    @(167.64 mm, 100.33 mm): Symbol R6 [R]
[unconnected_wire_endpoint]: Unconnected wire endpoint
    ; warning
    @(171.45 mm, 109.22 mm): Horizontal Wire, length 2.54 mm
[lib_symbol_issues]: The current configuration does not include the symbol library 'power'
    ; warning
    @(147.32 mm, 87.63 mm): Symbol #PWR107 [+3V3]
[lib_symbol_issues]: The current configuration does not include the symbol library '/usr/share/kicad/symbols/Device'
    ; warning
    @(147.32 mm, 91.44 mm): Symbol C19 [C]
[lib_symbol_issues]: The current configuration does not include the symbol library 'power'
    ; warning
    @(147.32 mm, 95.25 mm): Symbol #PWR108 [GND]
[global_label_dangling]: Global label not connected anywhere else in the schematic
    ; warning
    @(139.70 mm, 106.68 mm): Global Label 'OLED_SCK1'
[global_label_dangling]: Global label not connected anywhere else in the schematic
    ; warning
    @(139.70 mm, 111.76 mm): Global Label 'OLED_MOSI1'
[global_label_dangling]: Global label not connected anywhere else in the schematic
    ; warning
    @(139.70 mm, 116.84 mm): Global Label 'OLED_RST1'
[global_label_dangling]: Global label not connected anywhere else in the schematic
    ; warning
    @(139.70 mm, 121.92 mm): Global Label 'OLED_DC1'
[global_label_dangling]: Global label not connected anywhere else in the schematic
    ; warning
    @(139.70 mm, 127.00 mm): Global Label 'OLED_CS1'
[lib_symbol_issues]: The current configuration does not include the symbol library 'power'
    ; warning
    @(158.75 mm, 106.68 mm): Symbol #PWR105 [GND]
[lib_symbol_issues]: The current configuration does not include the symbol library 'power'
    ; warning
    @(158.75 mm, 109.22 mm): Symbol #PWR106 [+3V3]
[lib_symbol_issues]: The current configuration does not include the symbol library 'skidl_lib'
    ; warning
    @(161.29 mm, 123.19 mm): Symbol U17 [SH1106_OLED]
[global_label_dangling]: Global label not connected anywhere else in the schematic
    ; warning
    @(140.97 mm, 52.07 mm): Global Label 'KEY3_1'
[global_label_dangling]: Global label not connected anywhere else in the schematic
    ; warning
    @(140.97 mm, 62.23 mm): Global Label 'KEY2_1'
[global_label_dangling]: Global label not connected anywhere else in the schematic
    ; warning
    @(140.97 mm, 71.12 mm): Global Label 'KEY7_1'
[lib_symbol_issues]: The current configuration does not include the symbol library '/usr/share/kicad/symbols/Switch'
    ; warning
    @(153.67 mm, 52.07 mm): Symbol SW4 [SW_Push]
[global_label_dangling]: Global label not connected anywhere else in the schematic
    ; warning
    @(140.97 mm, 81.28 mm): Global Label 'KEY5_1'
[lib_symbol_issues]: The current configuration does not include the symbol library '/usr/share/kicad/symbols/Switch'
    ; warning
    @(153.67 mm, 62.23 mm): Symbol SW3 [SW_Push]
[lib_symbol_issues]: The current configuration does not include the symbol library 'power'
    ; warning
    @(158.75 mm, 52.07 mm): Symbol #PWR061 [GND]
[global_label_dangling]: Global label not connected anywhere else in the schematic
    ; warning
    @(140.97 mm, 91.44 mm): Global Label 'KEY0_1'
[lib_symbol_issues]: The current configuration does not include the symbol library '/usr/share/kicad/symbols/Switch'
    ; warning
    @(153.67 mm, 71.12 mm): Symbol SW8 [SW_Push]
[lib_symbol_issues]: The current configuration does not include the symbol library 'power'
    ; warning
    @(158.75 mm, 62.23 mm): Symbol #PWR060 [GND]
[global_label_dangling]: Global label not connected anywhere else in the schematic
    ; warning
    @(140.97 mm, 101.60 mm): Global Label 'KEY6_1'
[lib_symbol_issues]: The current configuration does not include the symbol library '/usr/share/kicad/symbols/Switch'
    ; warning
    @(153.67 mm, 81.28 mm): Symbol SW6 [SW_Push]
[lib_symbol_issues]: The current configuration does not include the symbol library 'power'
    ; warning
    @(158.75 mm, 71.12 mm): Symbol #PWR065 [GND]
[lib_symbol_issues]: The current configuration does not include the symbol library 'power'
    ; warning
    @(158.75 mm, 81.28 mm): Symbol #PWR063 [GND]
[lib_symbol_issues]: The current configuration does not include the symbol library '/usr/share/kicad/symbols/Switch'
    ; warning
    @(153.67 mm, 91.44 mm): Symbol SW1 [SW_Push]
[global_label_dangling]: Global label not connected anywhere else in the schematic
    ; warning
    @(142.24 mm, 110.49 mm): Global Label 'KEY11_1'
[lib_symbol_issues]: The current configuration does not include the symbol library 'power'
    ; warning
    @(158.75 mm, 91.44 mm): Symbol #PWR058 [GND]
[lib_symbol_issues]: The current configuration does not include the symbol library '/usr/share/kicad/symbols/Switch'
    ; warning
    @(153.67 mm, 101.60 mm): Symbol SW7 [SW_Push]
[global_label_dangling]: Global label not connected anywhere else in the schematic
    ; warning
    @(140.97 mm, 120.65 mm): Global Label 'KEY4_1'
[lib_symbol_issues]: The current configuration does not include the symbol library 'power'
    ; warning
    @(158.75 mm, 101.60 mm): Symbol #PWR064 [GND]
[lib_symbol_issues]: The current configuration does not include the symbol library '/usr/share/kicad/symbols/Switch'
    ; warning
    @(154.94 mm, 110.49 mm): Symbol SW12 [SW_Push]
[global_label_dangling]: Global label not connected anywhere else in the schematic
    ; warning
    @(142.24 mm, 130.81 mm): Global Label 'KEY8_1'
[lib_symbol_issues]: The current configuration does not include the symbol library 'power'
    ; warning
    @(160.02 mm, 110.49 mm): Symbol #PWR069 [GND]
[lib_symbol_issues]: The current configuration does not include the symbol library '/usr/share/kicad/symbols/Switch'
    ; warning
    @(153.67 mm, 120.65 mm): Symbol SW5 [SW_Push]
[global_label_dangling]: Global label not connected anywhere else in the schematic
    ; warning
    @(140.97 mm, 139.70 mm): Global Label 'KEY9_1'
[lib_symbol_issues]: The current configuration does not include the symbol library 'power'
    ; warning
    @(158.75 mm, 120.65 mm): Symbol #PWR062 [GND]
[lib_symbol_issues]: The current configuration does not include the symbol library '/usr/share/kicad/symbols/Switch'
    ; warning
    @(154.94 mm, 130.81 mm): Symbol SW9 [SW_Push]
[global_label_dangling]: Global label not connected anywhere else in the schematic
    ; warning
    @(142.24 mm, 149.86 mm): Global Label 'KEY10_1'
[lib_symbol_issues]: The current configuration does not include the symbol library 'power'
    ; warning
    @(160.02 mm, 130.81 mm): Symbol #PWR066 [GND]
[lib_symbol_issues]: The current configuration does not include the symbol library '/usr/share/kicad/symbols/Switch'
    ; warning
    @(153.67 mm, 139.70 mm): Symbol SW10 [SW_Push]
[lib_symbol_issues]: The current configuration does not include the symbol library 'power'
    ; warning
    @(158.75 mm, 139.70 mm): Symbol #PWR067 [GND]
[global_label_dangling]: Global label not connected anywhere else in the schematic
    ; warning
    @(140.97 mm, 160.02 mm): Global Label 'KEY1_1'
[lib_symbol_issues]: The current configuration does not include the symbol library '/usr/share/kicad/symbols/Switch'
    ; warning
    @(154.94 mm, 149.86 mm): Symbol SW11 [SW_Push]
[lib_symbol_issues]: The current configuration does not include the symbol library 'power'
    ; warning
    @(160.02 mm, 149.86 mm): Symbol #PWR068 [GND]
[lib_symbol_issues]: The current configuration does not include the symbol library '/usr/share/kicad/symbols/Switch'
    ; warning
    @(153.67 mm, 160.02 mm): Symbol SW2 [SW_Push]
[lib_symbol_issues]: The current configuration does not include the symbol library 'power'
    ; warning
    @(158.75 mm, 160.02 mm): Symbol #PWR059 [GND]
[global_label_dangling]: Global label not connected anywhere else in the schematic
    ; warning
    @(52.07 mm, 102.87 mm): Global Label 'KEY1'
[global_label_dangling]: Global label not connected anywhere else in the schematic
    ; warning
    @(64.77 mm, 97.79 mm): Global Label 'GPIO15_NC'
[global_label_dangling]: Global label not connected anywhere else in the schematic
    ; warning
    @(80.01 mm, 92.71 mm): Global Label 'GPIO28_NC'
[lib_symbol_issues]: The current configuration does not include the symbol library 'power'
    ; warning
    @(64.77 mm, 107.95 mm): Symbol #PWR042 [+3V3]
[lib_symbol_issues]: The current configuration does not include the symbol library '/usr/share/kicad/symbols/Device'
    ; warning
    @(58.42 mm, 111.76 mm): Symbol C4 [C]
[lib_symbol_issues]: The current configuration does not include the symbol library 'power'
    ; warning
    @(71.12 mm, 105.41 mm): Symbol #PWR034 [+3V3]
[lib_symbol_issues]: The current configuration does not include the symbol library '/usr/share/kicad/symbols/Device'
    ; warning
    @(64.77 mm, 111.76 mm): Symbol C9 [C]
[lib_symbol_issues]: The current configuration does not include the symbol library 'power'
    ; warning
    @(58.42 mm, 115.57 mm): Symbol #PWR033 [GND]
[lib_symbol_issues]: The current configuration does not include the symbol library '/usr/share/kicad/symbols/Device'
    ; warning
    @(71.12 mm, 109.22 mm): Symbol C5 [C]
[lib_symbol_issues]: The current configuration does not include the symbol library 'power'
    ; warning
    @(78.74 mm, 105.41 mm): Symbol #PWR046 [+3V3]
[lib_symbol_issues]: The current configuration does not include the symbol library 'power'
    ; warning
    @(64.77 mm, 115.57 mm): Symbol #PWR043 [GND]
[lib_symbol_issues]: The current configuration does not include the symbol library 'power'
    ; warning
    @(71.12 mm, 113.03 mm): Symbol #PWR035 [GND]
[lib_symbol_issues]: The current configuration does not include the symbol library '/usr/share/kicad/symbols/Device'
    ; warning
    @(78.74 mm, 109.22 mm): Symbol C11 [C]
[lib_symbol_issues]: The current configuration does not include the symbol library '/usr/share/kicad/symbols/Device'
    ; warning
    @(99.06 mm, 92.71 mm): Symbol Y1 [Crystal]
[lib_symbol_issues]: The current configuration does not include the symbol library '/usr/share/kicad/symbols/Device'
    ; warning
    @(85.09 mm, 107.95 mm): Symbol C14 [C]
[lib_symbol_issues]: The current configuration does not include the symbol library 'power'
    ; warning
    @(78.74 mm, 113.03 mm): Symbol #PWR047 [GND]
[lib_symbol_issues]: The current configuration does not include the symbol library 'power'
    ; warning
    @(91.44 mm, 105.41 mm): Symbol #PWR040 [+3V3]
[lib_symbol_issues]: The current configuration does not include the symbol library 'power'
    ; warning
    @(85.09 mm, 111.76 mm): Symbol #PWR051 [GND]
[lib_symbol_issues]: The current configuration does not include the symbol library '/usr/share/kicad/symbols/Device'
    ; warning
    @(91.44 mm, 109.22 mm): Symbol C8 [C]
[lib_symbol_issues]: The current configuration does not include the symbol library 'power'
    ; warning
    @(97.79 mm, 105.41 mm): Symbol #PWR048 [+3V3]
[lib_symbol_issues]: The current configuration does not include the symbol library 'power'
    ; warning
    @(91.44 mm, 113.03 mm): Symbol #PWR041 [GND]
[lib_symbol_issues]: The current configuration does not include the symbol library '/usr/share/kicad/symbols/Device'
    ; warning
    @(97.79 mm, 109.22 mm): Symbol C12 [C]
[lib_symbol_issues]: The current configuration does not include the symbol library 'power'
    ; warning
    @(104.14 mm, 105.41 mm): Symbol #PWR036 [+3V3]
[lib_symbol_issues]: The current configuration does not include the symbol library 'power'
    ; warning
    @(97.79 mm, 113.03 mm): Symbol #PWR049 [GND]
[lib_symbol_issues]: The current configuration does not include the symbol library '/usr/share/kicad/symbols/Device'
    ; warning
    @(104.14 mm, 109.22 mm): Symbol C6 [C]
[lib_symbol_issues]: The current configuration does not include the symbol library 'power'
    ; warning
    @(110.49 mm, 105.41 mm): Symbol #PWR044 [+3V3]
[lib_symbol_issues]: The current configuration does not include the symbol library 'power'
    ; warning
    @(104.14 mm, 113.03 mm): Symbol #PWR037 [GND]
[lib_symbol_issues]: The current configuration does not include the symbol library '/usr/share/kicad/symbols/Device'
    ; warning
    @(110.49 mm, 109.22 mm): Symbol C10 [C]
[lib_symbol_issues]: The current configuration does not include the symbol library 'power'
    ; warning
    @(116.84 mm, 105.41 mm): Symbol #PWR038 [+3V3]
[lib_symbol_issues]: The current configuration does not include the symbol library 'power'
    ; warning
    @(110.49 mm, 113.03 mm): Symbol #PWR045 [GND]
[lib_symbol_issues]: The current configuration does not include the symbol library '/usr/share/kicad/symbols/Device'
    ; warning
    @(116.84 mm, 109.22 mm): Symbol C7 [C]
[lib_symbol_issues]: The current configuration does not include the symbol library 'power'
    ; warning
    @(116.84 mm, 113.03 mm): Symbol #PWR039 [GND]
[lib_symbol_issues]: The current configuration does not include the symbol library '/usr/share/kicad/symbols/Device'
    ; warning
    @(124.46 mm, 107.95 mm): Symbol C13 [C]
[lib_symbol_issues]: The current configuration does not include the symbol library 'power'
    ; warning
    @(124.46 mm, 111.76 mm): Symbol #PWR050 [GND]
[lib_symbol_issues]: The current configuration does not include the symbol library 'power'
    ; warning
    @(130.81 mm, 105.41 mm): Symbol #PWR056 [+3V3]
[lib_symbol_issues]: The current configuration does not include the symbol library '/usr/share/kicad/symbols/Device'
    ; warning
    @(130.81 mm, 109.22 mm): Symbol C15 [C]
[lib_symbol_issues]: The current configuration does not include the symbol library 'skidl_lib'
    ; warning
    @(165.10 mm, 48.26 mm): Symbol U4 [W25Q64JV]
[lib_symbol_issues]: The current configuration does not include the symbol library 'power'
    ; warning
    @(130.81 mm, 113.03 mm): Symbol #PWR057 [GND]
[lib_symbol_issues]: The current configuration does not include the symbol library 'power'
    ; warning
    @(167.64 mm, 49.53 mm): Symbol #PWR055 [+3V3]
[lib_symbol_issues]: The current configuration does not include the symbol library 'power'
    ; warning
    @(167.64 mm, 59.69 mm): Symbol #PWR054 [GND]
[unconnected_wire_endpoint]: Unconnected wire endpoint
    ; warning
    @(167.64 mm, 52.07 mm): Horizontal Wire, length 6.35 mm
[global_label_dangling]: Global label not connected anywhere else in the schematic
    ; warning
    @(177.80 mm, 39.37 mm): Global Label 'USB_DM1'
[unconnected_wire_endpoint]: Unconnected wire endpoint
    ; warning
    @(167.64 mm, 54.61 mm): Horizontal Wire, length 6.35 mm
[unconnected_wire_endpoint]: Unconnected wire endpoint
    ; warning
    @(167.64 mm, 57.15 mm): Horizontal Wire, length 6.35 mm
[global_label_dangling]: Global label not connected anywhere else in the schematic
    ; warning
    @(177.80 mm, 44.45 mm): Global Label 'USB_DP1'
[unconnected_wire_endpoint]: Unconnected wire endpoint
    ; warning
    @(177.80 mm, 39.37 mm): Horizontal Wire, length 2.54 mm
[unconnected_wire_endpoint]: Unconnected wire endpoint
    ; warning
    @(167.64 mm, 62.23 mm): Horizontal Wire, length 6.35 mm
[lib_symbol_issues]: The current configuration does not include the symbol library '/usr/share/kicad/symbols/Connector_Generic'
    ; warning
    @(168.91 mm, 76.20 mm): Symbol J1 [Conn_01x03]
[unconnected_wire_endpoint]: Unconnected wire endpoint
    ; warning
    @(167.64 mm, 64.77 mm): Horizontal Wire, length 6.35 mm
[unconnected_wire_endpoint]: Unconnected wire endpoint
    ; warning
    @(177.80 mm, 44.45 mm): Horizontal Wire, length 2.54 mm
[unconnected_wire_endpoint]: Unconnected wire endpoint
    ; warning
    @(167.64 mm, 67.31 mm): Horizontal Wire, length 6.35 mm
[lib_symbol_issues]: The current configuration does not include the symbol library 'power'
    ; warning
    @(173.99 mm, 78.74 mm): Symbol #PWR053 [GND]
[lib_symbol_issues]: The current configuration does not include the symbol library 'power'
    ; warning
    @(172.72 mm, 86.36 mm): Symbol #PWR052 [+3V3]
[unconnected_wire_endpoint]: Unconnected wire endpoint
    ; warning
    @(173.99 mm, 73.66 mm): Horizontal Wire, length 5.08 mm
[unconnected_wire_endpoint]: Unconnected wire endpoint
    ; warning
    @(173.99 mm, 76.20 mm): Horizontal Wire, length 5.08 mm
[global_label_dangling]: Global label not connected anywhere else in the schematic
    ; warning
    @(177.80 mm, 81.28 mm): Global Label 'ENC_SW'
[unconnected_wire_endpoint]: Unconnected wire endpoint
    ; warning
    @(139.70 mm, 139.70 mm): Vertical Wire, length 2.54 mm
[lib_symbol_issues]: The current configuration does not include the symbol library '/usr/share/kicad/symbols/Device'
    ; warning
    @(176.53 mm, 86.36 mm): Symbol R3 [R]
[global_label_dangling]: Global label not connected anywhere else in the schematic
    ; warning
    @(177.80 mm, 83.82 mm): Global Label 'KEY0'
[global_label_dangling]: Global label not connected anywhere else in the schematic
    ; warning
    @(139.70 mm, 139.70 mm): Global Label 'I2C_SCL'
[unconnected_wire_endpoint]: Unconnected wire endpoint
    ; warning
    @(177.80 mm, 81.28 mm): Horizontal Wire, length 2.54 mm
[unconnected_wire_endpoint]: Unconnected wire endpoint
    ; warning
    @(177.80 mm, 83.82 mm): Horizontal Wire, length 2.54 mm
[global_label_dangling]: Global label not connected anywhere else in the schematic
    ; warning
    @(177.80 mm, 90.17 mm): Global Label 'KEY2'
[unconnected_wire_endpoint]: Unconnected wire endpoint
    ; warning
    @(144.78 mm, 142.24 mm): Vertical Wire, length 2.54 mm
[unconnected_wire_endpoint]: Unconnected wire endpoint
    ; warning
    @(177.80 mm, 90.17 mm): Horizontal Wire, length 2.54 mm
[global_label_dangling]: Global label not connected anywhere else in the schematic
    ; warning
    @(177.80 mm, 95.25 mm): Global Label 'KEY3'
[global_label_dangling]: Global label not connected anywhere else in the schematic
    ; warning
    @(144.78 mm, 142.24 mm): Global Label 'OLED_SCK'
[unconnected_wire_endpoint]: Unconnected wire endpoint
    ; warning
    @(177.80 mm, 95.25 mm): Horizontal Wire, length 2.54 mm
[global_label_dangling]: Global label not connected anywhere else in the schematic
    ; warning
    @(177.80 mm, 100.33 mm): Global Label 'KEY4'
[global_label_dangling]: Global label not connected anywhere else in the schematic
    ; warning
    @(177.80 mm, 104.14 mm): Global Label 'KEY5'
[unconnected_wire_endpoint]: Unconnected wire endpoint
    ; warning
    @(177.80 mm, 100.33 mm): Horizontal Wire, length 2.54 mm
[unconnected_wire_endpoint]: Unconnected wire endpoint
    ; warning
    @(177.80 mm, 104.14 mm): Horizontal Wire, length 2.54 mm
[unconnected_wire_endpoint]: Unconnected wire endpoint
    ; warning
    @(149.86 mm, 147.32 mm): Vertical Wire, length 2.54 mm
[unconnected_wire_endpoint]: Unconnected wire endpoint
    ; warning
    @(154.94 mm, 142.24 mm): Vertical Wire, length 2.54 mm
[global_label_dangling]: Global label not connected anywhere else in the schematic
    ; warning
    @(177.80 mm, 109.22 mm): Global Label 'KEY6'
[global_label_dangling]: Global label not connected anywhere else in the schematic
    ; warning
    @(149.86 mm, 147.32 mm): Global Label 'OLED_DC'
[global_label_dangling]: Global label not connected anywhere else in the schematic
    ; warning
    @(154.94 mm, 142.24 mm): Global Label 'I2C_SDA'
[unconnected_wire_endpoint]: Unconnected wire endpoint
    ; warning
    @(177.80 mm, 109.22 mm): Horizontal Wire, length 2.54 mm
[global_label_dangling]: Global label not connected anywhere else in the schematic
    ; warning
    @(177.80 mm, 114.30 mm): Global Label 'KEY7'
[global_label_dangling]: Global label not connected anywhere else in the schematic
    ; warning
    @(177.80 mm, 118.11 mm): Global Label 'KEY8'
[unconnected_wire_endpoint]: Unconnected wire endpoint
    ; warning
    @(177.80 mm, 114.30 mm): Horizontal Wire, length 2.54 mm
[unconnected_wire_endpoint]: Unconnected wire endpoint
    ; warning
    @(177.80 mm, 118.11 mm): Horizontal Wire, length 2.54 mm
[unconnected_wire_endpoint]: Unconnected wire endpoint
    ; warning
    @(160.02 mm, 147.32 mm): Vertical Wire, length 2.54 mm
[global_label_dangling]: Global label not connected anywhere else in the schematic
    ; warning
    @(177.80 mm, 123.19 mm): Global Label 'KEY9'
[global_label_dangling]: Global label not connected anywhere else in the schematic
    ; warning
    @(160.02 mm, 147.32 mm): Global Label 'NEOPIXEL_DATA'
[unconnected_wire_endpoint]: Unconnected wire endpoint
    ; warning
    @(177.80 mm, 123.19 mm): Horizontal Wire, length 2.54 mm
[global_label_dangling]: Global label not connected anywhere else in the schematic
    ; warning
    @(177.80 mm, 128.27 mm): Global Label 'KEY10'
[unconnected_wire_endpoint]: Unconnected wire endpoint
    ; warning
    @(177.80 mm, 128.27 mm): Horizontal Wire, length 2.54 mm
[global_label_dangling]: Global label not connected anywhere else in the schematic
    ; warning
    @(177.80 mm, 132.08 mm): Global Label 'KEY11'
[unconnected_wire_endpoint]: Unconnected wire endpoint
    ; warning
    @(177.80 mm, 132.08 mm): Horizontal Wire, length 2.54 mm
[global_label_dangling]: Global label not connected anywhere else in the schematic
    ; warning
    @(177.80 mm, 137.16 mm): Global Label 'GPIO13_NC'
[unconnected_wire_endpoint]: Unconnected wire endpoint
    ; warning
    @(177.80 mm, 137.16 mm): Horizontal Wire, length 2.54 mm
[global_label_dangling]: Global label not connected anywhere else in the schematic
    ; warning
    @(177.80 mm, 142.24 mm): Global Label 'GPIO14_NC'
[unconnected_wire_endpoint]: Unconnected wire endpoint
    ; warning
    @(165.10 mm, 161.29 mm): Vertical Wire, length 2.54 mm
[unconnected_wire_endpoint]: Unconnected wire endpoint
    ; warning
    @(177.80 mm, 142.24 mm): Horizontal Wire, length 2.54 mm
[global_label_dangling]: Global label not connected anywhere else in the schematic
    ; warning
    @(165.10 mm, 161.29 mm): Global Label 'OLED_RST'
[global_label_dangling]: Global label not connected anywhere else in the schematic
    ; warning
    @(177.80 mm, 147.32 mm): Global Label 'SPK_PWM'
[unconnected_wire_endpoint]: Unconnected wire endpoint
    ; warning
    @(177.80 mm, 147.32 mm): Horizontal Wire, length 2.54 mm
[global_label_dangling]: Global label not connected anywhere else in the schematic
    ; warning
    @(177.80 mm, 152.40 mm): Global Label 'ENC_A'
[unconnected_wire_endpoint]: Unconnected wire endpoint
    ; warning
    @(170.18 mm, 163.83 mm): Vertical Wire, length 2.54 mm
[unconnected_wire_endpoint]: Unconnected wire endpoint
    ; warning
    @(177.80 mm, 152.40 mm): Horizontal Wire, length 2.54 mm
[global_label_dangling]: Global label not connected anywhere else in the schematic
    ; warning
    @(170.18 mm, 163.83 mm): Global Label 'OLED_MOSI'
[global_label_dangling]: Global label not connected anywhere else in the schematic
    ; warning
    @(177.80 mm, 156.21 mm): Global Label 'ENC_B'
[unconnected_wire_endpoint]: Unconnected wire endpoint
    ; warning
    @(238.76 mm, 50.80 mm): Horizontal Wire, length 6.35 mm
[unconnected_wire_endpoint]: Unconnected wire endpoint
    ; warning
    @(175.26 mm, 163.83 mm): Vertical Wire, length 2.54 mm
[unconnected_wire_endpoint]: Unconnected wire endpoint
    ; warning
    @(238.76 mm, 53.34 mm): Horizontal Wire, length 6.35 mm
[unconnected_wire_endpoint]: Unconnected wire endpoint
    ; warning
    @(177.80 mm, 156.21 mm): Horizontal Wire, length 2.54 mm
[unconnected_wire_endpoint]: Unconnected wire endpoint
    ; warning
    @(238.76 mm, 55.88 mm): Horizontal Wire, length 6.35 mm
[lib_symbol_issues]: The current configuration does not include the symbol library 'power'
    ; warning
    @(238.76 mm, 12.70 mm): Symbol #PWR022 [+3V3]
[lib_symbol_issues]: The current configuration does not include the symbol library 'power'
    ; warning
    @(238.76 mm, 15.24 mm): Symbol #PWR023 [+3V3]
[lib_symbol_issues]: The current configuration does not include the symbol library 'power'
    ; warning
    @(238.76 mm, 17.78 mm): Symbol #PWR024 [+3V3]
[lib_symbol_issues]: The current configuration does not include the symbol library 'power'
    ; warning
    @(238.76 mm, 20.32 mm): Symbol #PWR025 [+3V3]
[unconnected_wire_endpoint]: Unconnected wire endpoint
    ; warning
    @(238.76 mm, 58.42 mm): Horizontal Wire, length 6.35 mm
[lib_symbol_issues]: The current configuration does not include the symbol library 'power'
    ; warning
    @(238.76 mm, 22.86 mm): Symbol #PWR026 [+3V3]
[global_label_dangling]: Global label not connected anywhere else in the schematic
    ; warning
    @(175.26 mm, 163.83 mm): Global Label 'OLED_CS'
[lib_symbol_issues]: The current configuration does not include the symbol library 'power'
    ; warning
    @(238.76 mm, 25.40 mm): Symbol #PWR027 [+3V3]
[unconnected_wire_endpoint]: Unconnected wire endpoint
    ; warning
    @(238.76 mm, 60.96 mm): Horizontal Wire, length 6.35 mm
[lib_symbol_issues]: The current configuration does not include the symbol library 'power'
    ; warning
    @(238.76 mm, 27.94 mm): Symbol #PWR028 [+3V3]
[unconnected_wire_endpoint]: Unconnected wire endpoint
    ; warning
    @(238.76 mm, 63.50 mm): Horizontal Wire, length 6.35 mm
[unconnected_wire_endpoint]: Unconnected wire endpoint
    ; warning
    @(238.76 mm, 66.04 mm): Horizontal Wire, length 6.35 mm
[lib_symbol_issues]: The current configuration does not include the symbol library 'power'
    ; warning
    @(238.76 mm, 38.10 mm): Symbol #PWR029 [+3V3]
[unconnected_wire_endpoint]: Unconnected wire endpoint
    ; warning
    @(180.34 mm, 163.83 mm): Vertical Wire, length 2.54 mm
[lib_symbol_issues]: The current configuration does not include the symbol library 'power'
    ; warning
    @(238.76 mm, 40.64 mm): Symbol #PWR030 [+3V3]
[unconnected_wire_endpoint]: Unconnected wire endpoint
    ; warning
    @(238.76 mm, 68.58 mm): Horizontal Wire, length 6.35 mm
[lib_symbol_issues]: The current configuration does not include the symbol library 'power'
    ; warning
    @(238.76 mm, 43.18 mm): Symbol #PWR031 [GND]
[unconnected_wire_endpoint]: Unconnected wire endpoint
    ; warning
    @(238.76 mm, 71.12 mm): Horizontal Wire, length 6.35 mm
[global_label_dangling]: Global label not connected anywhere else in the schematic
    ; warning
    @(180.34 mm, 163.83 mm): Global Label 'GPIO27_NC'
[unconnected_wire_endpoint]: Unconnected wire endpoint
    ; warning
    @(238.76 mm, 73.66 mm): Horizontal Wire, length 6.35 mm
[global_label_dangling]: Global label not connected anywhere else in the schematic
    ; warning
    @(238.76 mm, 50.80 mm): Global Label 'USB_DM1'
[global_label_dangling]: Global label not connected anywhere else in the schematic
    ; warning
    @(238.76 mm, 53.34 mm): Global Label 'USB_DP1'
[unconnected_wire_endpoint]: Unconnected wire endpoint
    ; warning
    @(238.76 mm, 78.74 mm): Horizontal Wire, length 6.35 mm
[unconnected_wire_endpoint]: Unconnected wire endpoint
    ; warning
    @(238.76 mm, 81.28 mm): Horizontal Wire, length 6.35 mm
[unconnected_wire_endpoint]: Unconnected wire endpoint
    ; warning
    @(238.76 mm, 83.82 mm): Horizontal Wire, length 6.35 mm
[unconnected_wire_endpoint]: Unconnected wire endpoint
    ; warning
    @(238.76 mm, 88.90 mm): Horizontal Wire, length 6.35 mm
[unconnected_wire_endpoint]: Unconnected wire endpoint
    ; warning
    @(238.76 mm, 91.44 mm): Horizontal Wire, length 6.35 mm
[lib_symbol_issues]: The current configuration does not include the symbol library 'power'
    ; warning
    @(238.76 mm, 76.20 mm): Symbol #PWR032 [GND]
[unconnected_wire_endpoint]: Unconnected wire endpoint
    ; warning
    @(238.76 mm, 93.98 mm): Horizontal Wire, length 6.35 mm
[unconnected_wire_endpoint]: Unconnected wire endpoint
    ; warning
    @(173.99 mm, 184.15 mm): Vertical Wire, length 2.54 mm
[unconnected_wire_endpoint]: Unconnected wire endpoint
    ; warning
    @(238.76 mm, 96.52 mm): Horizontal Wire, length 6.35 mm
[global_label_dangling]: Global label not connected anywhere else in the schematic
    ; warning
    @(238.76 mm, 81.28 mm): Global Label 'ENC_SW'
[unconnected_wire_endpoint]: Unconnected wire endpoint
    ; warning
    @(238.76 mm, 99.06 mm): Horizontal Wire, length 6.35 mm
[global_label_dangling]: Global label not connected anywhere else in the schematic
    ; warning
    @(238.76 mm, 83.82 mm): Global Label 'KEY0'
[global_label_dangling]: Global label not connected anywhere else in the schematic
    ; warning
    @(173.99 mm, 184.15 mm): Global Label 'GPIO29_NC'
[unconnected_wire_endpoint]: Unconnected wire endpoint
    ; warning
    @(238.76 mm, 101.60 mm): Horizontal Wire, length 6.35 mm
[unconnected_wire_endpoint]: Unconnected wire endpoint
    ; warning
    @(238.76 mm, 104.14 mm): Horizontal Wire, length 6.35 mm
[global_label_dangling]: Global label not connected anywhere else in the schematic
    ; warning
    @(238.76 mm, 88.90 mm): Global Label 'KEY2'
[global_label_dangling]: Global label not connected anywhere else in the schematic
    ; warning
    @(238.76 mm, 91.44 mm): Global Label 'KEY3'
[unconnected_wire_endpoint]: Unconnected wire endpoint
    ; warning
    @(238.76 mm, 106.68 mm): Horizontal Wire, length 6.35 mm
[global_label_dangling]: Global label not connected anywhere else in the schematic
    ; warning
    @(238.76 mm, 93.98 mm): Global Label 'KEY4'
[unconnected_wire_endpoint]: Unconnected wire endpoint
    ; warning
    @(238.76 mm, 109.22 mm): Horizontal Wire, length 6.35 mm
[global_label_dangling]: Global label not connected anywhere else in the schematic
    ; warning
    @(238.76 mm, 96.52 mm): Global Label 'KEY5'
[unconnected_wire_endpoint]: Unconnected wire endpoint
    ; warning
    @(238.76 mm, 111.76 mm): Horizontal Wire, length 6.35 mm
[global_label_dangling]: Global label not connected anywhere else in the schematic
    ; warning
    @(238.76 mm, 99.06 mm): Global Label 'KEY6'
[unconnected_wire_endpoint]: Unconnected wire endpoint
    ; warning
    @(238.76 mm, 114.30 mm): Horizontal Wire, length 6.35 mm
[global_label_dangling]: Global label not connected anywhere else in the schematic
    ; warning
    @(238.76 mm, 101.60 mm): Global Label 'KEY7'
[unconnected_wire_endpoint]: Unconnected wire endpoint
    ; warning
    @(238.76 mm, 116.84 mm): Horizontal Wire, length 6.35 mm
[global_label_dangling]: Global label not connected anywhere else in the schematic
    ; warning
    @(238.76 mm, 104.14 mm): Global Label 'KEY8'
[global_label_dangling]: Global label not connected anywhere else in the schematic
    ; warning
    @(238.76 mm, 106.68 mm): Global Label 'KEY9'
[unconnected_wire_endpoint]: Unconnected wire endpoint
    ; warning
    @(238.76 mm, 121.92 mm): Horizontal Wire, length 6.35 mm
[global_label_dangling]: Global label not connected anywhere else in the schematic
    ; warning
    @(238.76 mm, 109.22 mm): Global Label 'KEY10'
[global_label_dangling]: Global label not connected anywhere else in the schematic
    ; warning
    @(238.76 mm, 111.76 mm): Global Label 'KEY11'
[unconnected_wire_endpoint]: Unconnected wire endpoint
    ; warning
    @(238.76 mm, 124.46 mm): Horizontal Wire, length 6.35 mm
[global_label_dangling]: Global label not connected anywhere else in the schematic
    ; warning
    @(238.76 mm, 114.30 mm): Global Label 'GPIO13_NC'
[unconnected_wire_endpoint]: Unconnected wire endpoint
    ; warning
    @(238.76 mm, 127.00 mm): Horizontal Wire, length 6.35 mm
[global_label_dangling]: Global label not connected anywhere else in the schematic
    ; warning
    @(238.76 mm, 116.84 mm): Global Label 'GPIO14_NC'
[unconnected_wire_endpoint]: Unconnected wire endpoint
    ; warning
    @(238.76 mm, 129.54 mm): Horizontal Wire, length 6.35 mm
[unconnected_wire_endpoint]: Unconnected wire endpoint
    ; warning
    @(238.76 mm, 132.08 mm): Horizontal Wire, length 6.35 mm
[global_label_dangling]: Global label not connected anywhere else in the schematic
    ; warning
    @(238.76 mm, 121.92 mm): Global Label 'SPK_PWM'
[unconnected_wire_endpoint]: Unconnected wire endpoint
    ; warning
    @(238.76 mm, 134.62 mm): Horizontal Wire, length 6.35 mm
[global_label_dangling]: Global label not connected anywhere else in the schematic
    ; warning
    @(238.76 mm, 124.46 mm): Global Label 'ENC_A'
[unconnected_wire_endpoint]: Unconnected wire endpoint
    ; warning
    @(238.76 mm, 137.16 mm): Horizontal Wire, length 6.35 mm
[global_label_dangling]: Global label not connected anywhere else in the schematic
    ; warning
    @(238.76 mm, 127.00 mm): Global Label 'ENC_B'
[unconnected_wire_endpoint]: Unconnected wire endpoint
    ; warning
    @(238.76 mm, 139.70 mm): Horizontal Wire, length 6.35 mm
[global_label_dangling]: Global label not connected anywhere else in the schematic
    ; warning
    @(238.76 mm, 129.54 mm): Global Label 'NEOPIXEL_DATA'
[unconnected_wire_endpoint]: Unconnected wire endpoint
    ; warning
    @(238.76 mm, 142.24 mm): Horizontal Wire, length 6.35 mm
[global_label_dangling]: Global label not connected anywhere else in the schematic
    ; warning
    @(238.76 mm, 132.08 mm): Global Label 'I2C_SDA'
[unconnected_wire_endpoint]: Unconnected wire endpoint
    ; warning
    @(238.76 mm, 144.78 mm): Horizontal Wire, length 6.35 mm
[global_label_dangling]: Global label not connected anywhere else in the schematic
    ; warning
    @(238.76 mm, 134.62 mm): Global Label 'I2C_SCL'
[unconnected_wire_endpoint]: Unconnected wire endpoint
    ; warning
    @(238.76 mm, 147.32 mm): Horizontal Wire, length 6.35 mm
[global_label_dangling]: Global label not connected anywhere else in the schematic
    ; warning
    @(238.76 mm, 137.16 mm): Global Label 'OLED_SCK'
[unconnected_wire_endpoint]: Unconnected wire endpoint
    ; warning
    @(238.76 mm, 149.86 mm): Horizontal Wire, length 6.35 mm
[global_label_dangling]: Global label not connected anywhere else in the schematic
    ; warning
    @(238.76 mm, 139.70 mm): Global Label 'OLED_MOSI'
[global_label_dangling]: Global label not connected anywhere else in the schematic
    ; warning
    @(238.76 mm, 142.24 mm): Global Label 'OLED_DC'
[global_label_dangling]: Global label not connected anywhere else in the schematic
    ; warning
    @(238.76 mm, 144.78 mm): Global Label 'OLED_CS'
[unconnected_wire_endpoint]: Unconnected wire endpoint
    ; warning
    @(238.76 mm, 154.94 mm): Horizontal Wire, length 6.35 mm
[global_label_dangling]: Global label not connected anywhere else in the schematic
    ; warning
    @(238.76 mm, 147.32 mm): Global Label 'OLED_RST'
[global_label_dangling]: Global label not connected anywhere else in the schematic
    ; warning
    @(238.76 mm, 149.86 mm): Global Label 'GPIO27_NC'
[global_label_dangling]: Global label not connected anywhere else in the schematic
    ; warning
    @(238.76 mm, 154.94 mm): Global Label 'GPIO29_NC'
[lib_symbol_issues]: The current configuration does not include the symbol library 'skidl_lib'
    ; warning
    @(241.30 mm, 156.21 mm): Symbol U3 [RP2040]
[lib_symbol_issues]: The current configuration does not include the symbol library 'power'
    ; warning
    @(143.51 mm, 92.71 mm): Symbol #PWR121 [+3V3]
[lib_symbol_issues]: The current configuration does not include the symbol library '/usr/share/kicad/symbols/Device'
    ; warning
    @(143.51 mm, 96.52 mm): Symbol R8 [R]
[lib_symbol_issues]: The current configuration does not include the symbol library 'power'
    ; warning
    @(149.86 mm, 95.25 mm): Symbol #PWR122 [+3V3]
[lib_symbol_issues]: The current configuration does not include the symbol library '/usr/share/kicad/symbols/Device'
    ; warning
    @(149.86 mm, 99.06 mm): Symbol R9 [R]
[lib_symbol_issues]: The current configuration does not include the symbol library 'power'
    ; warning
    @(161.29 mm, 97.79 mm): Symbol #PWR119 [GND]
[lib_symbol_issues]: The current configuration does not include the symbol library 'power'
    ; warning
    @(161.29 mm, 100.33 mm): Symbol #PWR120 [+3V3]
[lib_symbol_issues]: The current configuration does not include the symbol library '/usr/share/kicad/symbols/Connector_Generic'
    ; warning
    @(166.37 mm, 100.33 mm): Symbol J2 [Conn_01x04]

***** Sheet /speaker_amplifier1/

***** Sheet /usb_power_supply1/
[power_pin_not_driven]: Input Power pin not driven by any Output Power pins
    ; error
    @(161.29 mm, 71.12 mm): Symbol #PWR001 Pin 1 [Power input, Line]
[power_pin_not_driven]: Input Power pin not driven by any Output Power pins
    ; error
    @(161.29 mm, 73.66 mm): Symbol #PWR002 Pin 1 [Power input, Line]
[pin_not_connected]: Pin not connected
    ; error
    @(154.94 mm, 127.00 mm): Symbol U2 Pin 4 [NC, Passive, Line]
[power_pin_not_driven]: Input Power pin not driven by any Output Power pins
    ; error
    @(154.94 mm, 129.54 mm): Symbol #PWR015 Pin 1 [Power input, Line]

***** Sheet /neopixel_chain1/

***** Sheet /rotary_encoder1/

***** Sheet /oled_display1/

***** Sheet /key_switches1/

***** Sheet /rp2040_mcu1/

***** Sheet /stemma_qt1/

 ** ERC messages: 359  Errors 4  Warnings 355
